Archive member included to satisfy reference by file (symbol)

../Middlewares/ST/AI/Lib\NetworkRuntime512_CM4_GCC.a(ai_platform_interface.o)
                              X-CUBE-AI/App/gesture_model.o (ai_platform_runtime_get_revision)
../Middlewares/ST/AI/Lib\NetworkRuntime512_CM4_GCC.a(core_mem_manager.o)
                              ../Middlewares/ST/AI/Lib\NetworkRuntime512_CM4_GCC.a(ai_platform_interface.o) (core_mem_alloc)
../Middlewares/ST/AI/Lib\NetworkRuntime512_CM4_GCC.a(core_common.o)
                              ../Middlewares/ST/AI/Lib\NetworkRuntime512_CM4_GCC.a(ai_platform_interface.o) (core_init)
../Middlewares/ST/AI/Lib\NetworkRuntime512_CM4_GCC.a(layers_conv2d_generic_float.o)
                              X-CUBE-AI/App/gesture_model.o (forward_dense)
../Middlewares/ST/AI/Lib\NetworkRuntime512_CM4_GCC.a(layers_rnn_generic_float.o)
                              X-CUBE-AI/App/gesture_model.o (forward_lstm)
../Middlewares/ST/AI/Lib\NetworkRuntime512_CM4_GCC.a(layers_nl_generic_float.o)
                              X-CUBE-AI/App/gesture_model.o (nl_func_sigmoid_array_f32)
../Middlewares/ST/AI/Lib\NetworkRuntime512_CM4_GCC.a(layers.o)
                              ../Middlewares/ST/AI/Lib\NetworkRuntime512_CM4_GCC.a(ai_platform_interface.o) (ai_check_custom_types)
../Middlewares/ST/AI/Lib\NetworkRuntime512_CM4_GCC.a(arm_mat_init_f32.o)
                              ../Middlewares/ST/AI/Lib\NetworkRuntime512_CM4_GCC.a(layers_conv2d_generic_float.o) (arm_mat_init_f32)
../Middlewares/ST/AI/Lib\NetworkRuntime512_CM4_GCC.a(ai_datatypes_format.o)
                              ../Middlewares/ST/AI/Lib\NetworkRuntime512_CM4_GCC.a(ai_platform_interface.o) (ai_array_to_buffer_fmt)
../Middlewares/ST/AI/Lib\NetworkRuntime512_CM4_GCC.a(ai_math_helpers.o)
                              ../Middlewares/ST/AI/Lib\NetworkRuntime512_CM4_GCC.a(layers_nl_generic_float.o) (ai_math_sqrt)
c:/st/stm32cubeide_1.4.0/stm32cubeide/plugins/com.st.stm32cube.ide.mcu.externaltools.gnu-tools-for-stm32.7-2018-q2-update.win32_1.4.0.202007081208/tools/bin/../lib/gcc/arm-none-eabi/7.3.1/../../../../arm-none-eabi/lib/thumb/v7e-m/fpv4-sp/hard\libc_nano.a(lib_a-errno.o)
                              Core/Src/syscalls.o (__errno)
c:/st/stm32cubeide_1.4.0/stm32cubeide/plugins/com.st.stm32cube.ide.mcu.externaltools.gnu-tools-for-stm32.7-2018-q2-update.win32_1.4.0.202007081208/tools/bin/../lib/gcc/arm-none-eabi/7.3.1/../../../../arm-none-eabi/lib/thumb/v7e-m/fpv4-sp/hard\libc_nano.a(lib_a-exit.o)
                              c:/st/stm32cubeide_1.4.0/stm32cubeide/plugins/com.st.stm32cube.ide.mcu.externaltools.gnu-tools-for-stm32.7-2018-q2-update.win32_1.4.0.202007081208/tools/bin/../lib/gcc/arm-none-eabi/7.3.1/../../../../arm-none-eabi/lib/thumb/v7e-m/fpv4-sp/hard/crt0.o (exit)
c:/st/stm32cubeide_1.4.0/stm32cubeide/plugins/com.st.stm32cube.ide.mcu.externaltools.gnu-tools-for-stm32.7-2018-q2-update.win32_1.4.0.202007081208/tools/bin/../lib/gcc/arm-none-eabi/7.3.1/../../../../arm-none-eabi/lib/thumb/v7e-m/fpv4-sp/hard\libc_nano.a(lib_a-impure.o)
                              c:/st/stm32cubeide_1.4.0/stm32cubeide/plugins/com.st.stm32cube.ide.mcu.externaltools.gnu-tools-for-stm32.7-2018-q2-update.win32_1.4.0.202007081208/tools/bin/../lib/gcc/arm-none-eabi/7.3.1/../../../../arm-none-eabi/lib/thumb/v7e-m/fpv4-sp/hard\libc_nano.a(lib_a-exit.o) (_global_impure_ptr)
c:/st/stm32cubeide_1.4.0/stm32cubeide/plugins/com.st.stm32cube.ide.mcu.externaltools.gnu-tools-for-stm32.7-2018-q2-update.win32_1.4.0.202007081208/tools/bin/../lib/gcc/arm-none-eabi/7.3.1/../../../../arm-none-eabi/lib/thumb/v7e-m/fpv4-sp/hard\libc_nano.a(lib_a-init.o)
                              c:/st/stm32cubeide_1.4.0/stm32cubeide/plugins/com.st.stm32cube.ide.mcu.externaltools.gnu-tools-for-stm32.7-2018-q2-update.win32_1.4.0.202007081208/tools/bin/../lib/gcc/arm-none-eabi/7.3.1/../../../../arm-none-eabi/lib/thumb/v7e-m/fpv4-sp/hard/crt0.o (__libc_init_array)
c:/st/stm32cubeide_1.4.0/stm32cubeide/plugins/com.st.stm32cube.ide.mcu.externaltools.gnu-tools-for-stm32.7-2018-q2-update.win32_1.4.0.202007081208/tools/bin/../lib/gcc/arm-none-eabi/7.3.1/../../../../arm-none-eabi/lib/thumb/v7e-m/fpv4-sp/hard\libc_nano.a(lib_a-malloc.o)
                              ../Middlewares/ST/AI/Lib\NetworkRuntime512_CM4_GCC.a(core_mem_manager.o) (malloc)
c:/st/stm32cubeide_1.4.0/stm32cubeide/plugins/com.st.stm32cube.ide.mcu.externaltools.gnu-tools-for-stm32.7-2018-q2-update.win32_1.4.0.202007081208/tools/bin/../lib/gcc/arm-none-eabi/7.3.1/../../../../arm-none-eabi/lib/thumb/v7e-m/fpv4-sp/hard\libc_nano.a(lib_a-memcpy-stub.o)
                              X-CUBE-AI/App/gesture_model.o (memcpy)
c:/st/stm32cubeide_1.4.0/stm32cubeide/plugins/com.st.stm32cube.ide.mcu.externaltools.gnu-tools-for-stm32.7-2018-q2-update.win32_1.4.0.202007081208/tools/bin/../lib/gcc/arm-none-eabi/7.3.1/../../../../arm-none-eabi/lib/thumb/v7e-m/fpv4-sp/hard\libc_nano.a(lib_a-memset.o)
[...]
Memory Configuration

Name             Origin             Length             Attributes
RAM              0x0000000020000000 0x0000000000020000 xrw
FLASH            0x0000000008000000 0x0000000000080000 xr
*default*        0x0000000000000000 0xffffffffffffffff

Linker script and memory map

LOAD c:/st/stm32cubeide_1.4.0/stm32cubeide/plugins/com.st.stm32cube.ide.mcu.externaltools.gnu-tools-for-stm32.7-2018-q2-update.win32_1.4.0.202007081208/tools/bin/../lib/gcc/arm-none-eabi/7.3.1/thumb/v7e-m/fpv4-sp/hard/crti.o
LOAD c:/st/stm32cubeide_1.4.0/stm32cubeide/plugins/com.st.stm32cube.ide.mcu.externaltools.gnu-tools-for-stm32.7-2018-q2-update.win32_1.4.0.202007081208/tools/bin/../lib/gcc/arm-none-eabi/7.3.1/thumb/v7e-m/fpv4-sp/hard/crtbegin.o
LOAD c:/st/stm32cubeide_1.4.0/stm32cubeide/plugins/com.st.stm32cube.ide.mcu.externaltools.gnu-tools-for-stm32.7-2018-q2-update.win32_1.4.0.202007081208/tools/bin/../lib/gcc/arm-none-eabi/7.3.1/../../../../arm-none-eabi/lib/thumb/v7e-m/fpv4-sp/hard/crt0.o
LOAD Core/Src/main.o
LOAD Core/Src/stm32f4xx_hal_msp.o
LOAD Core/Src/stm32f4xx_it.o
LOAD Core/Src/stm32f4xx_nucleo_bus.o
LOAD Core/Src/syscalls.o
LOAD Core/Src/sysmem.o
LOAD Core/Src/system_stm32f4xx.o
LOAD Core/Startup/startup_stm32f446retx.o
LOAD Drivers/BSP/Components/hts221/hts221.o
LOAD Drivers/BSP/Components/hts221/hts221_reg.o
LOAD Drivers/BSP/Components/lps22hb/lps22hb.o
LOAD Drivers/BSP/Components/lps22hb/lps22hb_reg.o
LOAD Drivers/BSP/Components/lsm303agr/lsm303agr.o
LOAD Drivers/BSP/Components/lsm303agr/lsm303agr_reg.o
LOAD Drivers/BSP/Components/lsm6dsl/lsm6dsl.o
LOAD Drivers/BSP/Components/lsm6dsl/lsm6dsl_reg.o
LOAD Drivers/BSP/IKS01A2/iks01a2_env_sensors.o
LOAD Drivers/BSP/IKS01A2/iks01a2_env_sensors_ex.o
LOAD Drivers/BSP/IKS01A2/iks01a2_motion_sensors.o
LOAD Drivers/BSP/IKS01A2/iks01a2_motion_sensors_ex.o
LOAD Drivers/STM32F4xx_HAL_Driver/Src/stm32f4xx_hal.o
LOAD Drivers/STM32F4xx_HAL_Driver/Src/stm32f4xx_hal_cortex.o
LOAD Drivers/STM32F4xx_HAL_Driver/Src/stm32f4xx_hal_crc.o
LOAD Drivers/STM32F4xx_HAL_Driver/Src/stm32f4xx_hal_dma.o
LOAD Drivers/STM32F4xx_HAL_Driver/Src/stm32f4xx_hal_dma_ex.o
LOAD Drivers/STM32F4xx_HAL_Driver/Src/stm32f4xx_hal_exti.o
LOAD Drivers/STM32F4xx_HAL_Driver/Src/stm32f4xx_hal_flash.o
LOAD Drivers/STM32F4xx_HAL_Driver/Src/stm32f4xx_hal_flash_ex.o
LOAD Drivers/STM32F4xx_HAL_Driver/Src/stm32f4xx_hal_flash_ramfunc.o
LOAD Drivers/STM32F4xx_HAL_Driver/Src/stm32f4xx_hal_gpio.o
LOAD Drivers/STM32F4xx_HAL_Driver/Src/stm32f4xx_hal_i2c.o
LOAD Drivers/STM32F4xx_HAL_Driver/Src/stm32f4xx_hal_i2c_ex.o
LOAD Drivers/STM32F4xx_HAL_Driver/Src/stm32f4xx_hal_pwr.o
LOAD Drivers/STM32F4xx_HAL_Driver/Src/stm32f4xx_hal_pwr_ex.o
LOAD Drivers/STM32F4xx_HAL_Driver/Src/stm32f4xx_hal_rcc.o
LOAD Drivers/STM32F4xx_HAL_Driver/Src/stm32f4xx_hal_rcc_ex.o
LOAD Drivers/STM32F4xx_HAL_Driver/Src/stm32f4xx_hal_tim.o
LOAD Drivers/STM32F4xx_HAL_Driver/Src/stm32f4xx_hal_tim_ex.o
LOAD Drivers/STM32F4xx_HAL_Driver/Src/stm32f4xx_hal_uart.o
LOAD X-CUBE-AI/App/gesture_model.o
LOAD X-CUBE-AI/App/gesture_model_data.o
LOAD ../Middlewares/ST/AI/Lib\NetworkRuntime512_CM4_GCC.a
START GROUP
LOAD c:/st/stm32cubeide_1.4.0/stm32cubeide/plugins/com.st.stm32cube.ide.mcu.externaltools.gnu-tools-for-stm32.7-2018-q2-update.win32_1.4.0.202007081208/tools/bin/../lib/gcc/arm-none-eabi/7.3.1/../../../../arm-none-eabi/lib/thumb/v7e-m/fpv4-sp/hard\libc_nano.a
LOAD c:/st/stm32cubeide_1.4.0/stm32cubeide/plugins/com.st.stm32cube.ide.mcu.externaltools.gnu-tools-for-stm32.7-2018-q2-update.win32_1.4.0.202007081208/tools/bin/../lib/gcc/arm-none-eabi/7.3.1/../../../../arm-none-eabi/lib/thumb/v7e-m/fpv4-sp/hard\libm.a
END GROUP
START GROUP
LOAD c:/st/stm32cubeide_1.4.0/stm32cubeide/plugins/com.st.stm32cube.ide.mcu.externaltools.gnu-tools-for-stm32.7-2018-q2-update.win32_1.4.0.202007081208/tools/bin/../lib/gcc/arm-none-eabi/7.3.1/thumb/v7e-m/fpv4-sp/hard\libgcc.a
LOAD c:/st/stm32cubeide_1.4.0/stm32cubeide/plugins/com.st.stm32cube.ide.mcu.externaltools.gnu-tools-for-stm32.7-2018-q2-update.win32_1.4.0.202007081208/tools/bin/../lib/gcc/arm-none-eabi/7.3.1/../../../../arm-none-eabi/lib/thumb/v7e-m/fpv4-sp/hard\libc_nano.a
END GROUP
START GROUP
LOAD c:/st/stm32cubeide_1.4.0/stm32cubeide/plugins/com.st.stm32cube.ide.mcu.externaltools.gnu-tools-for-stm32.7-2018-q2-update.win32_1.4.0.202007081208/tools/bin/../lib/gcc/arm-none-eabi/7.3.1/thumb/v7e-m/fpv4-sp/hard\libgcc.a
LOAD c:/st/stm32cubeide_1.4.0/stm32cubeide/plugins/com.st.stm32cube.ide.mcu.externaltools.gnu-tools-for-stm32.7-2018-q2-update.win32_1.4.0.202007081208/tools/bin/../lib/gcc/arm-none-eabi/7.3.1/../../../../arm-none-eabi/lib/thumb/v7e-m/fpv4-sp/hard\libc_nano.a
LOAD c:/st/stm32cubeide_1.4.0/stm32cubeide/plugins/com.st.stm32cube.ide.mcu.externaltools.gnu-tools-for-stm32.7-2018-q2-update.win32_1.4.0.202007081208/tools/bin/../lib/gcc/arm-none-eabi/7.3.1/../../../../arm-none-eabi/lib/thumb/v7e-m/fpv4-sp/hard\libnosys.a
END GROUP
START GROUP
LOAD c:/st/stm32cubeide_1.4.0/stm32cubeide/plugins/com.st.stm32cube.ide.mcu.externaltools.gnu-tools-for-stm32.7-2018-q2-update.win32_1.4.0.202007081208/tools/bin/../lib/gcc/arm-none-eabi/7.3.1/thumb/v7e-m/fpv4-sp/hard\libgcc.a
LOAD c:/st/stm32cubeide_1.4.0/stm32cubeide/plugins/com.st.stm32cube.ide.mcu.externaltools.gnu-tools-for-stm32.7-2018-q2-update.win32_1.4.0.202007081208/tools/bin/../lib/gcc/arm-none-eabi/7.3.1/../../../../arm-none-eabi/lib/thumb/v7e-m/fpv4-sp/hard\libc_nano.a
LOAD c:/st/stm32cubeide_1.4.0/stm32cubeide/plugins/com.st.stm32cube.ide.mcu.externaltools.gnu-tools-for-stm32.7-2018-q2-update.win32_1.4.0.202007081208/tools/bin/../lib/gcc/arm-none-eabi/7.3.1/../../../../arm-none-eabi/lib/thumb/v7e-m/fpv4-sp/hard\libnosys.a
END GROUP
LOAD c:/st/stm32cubeide_1.4.0/stm32cubeide/plugins/com.st.stm32cube.ide.mcu.externaltools.gnu-tools-for-stm32.7-2018-q2-update.win32_1.4.0.202007081208/tools/bin/../lib/gcc/arm-none-eabi/7.3.1/thumb/v7e-m/fpv4-sp/hard/crtend.o
LOAD c:/st/stm32cubeide_1.4.0/stm32cubeide/plugins/com.st.stm32cube.ide.mcu.externaltools.gnu-tools-for-stm32.7-2018-q2-update.win32_1.4.0.202007081208/tools/bin/../lib/gcc/arm-none-eabi/7.3.1/thumb/v7e-m/fpv4-sp/hard/crtn.o
                0x0000000020020000                _estack = (ORIGIN (RAM) + LENGTH (RAM))
                0x0000000000000200                _Min_Heap_Size = 0x200
                0x0000000000000800                _Min_Stack_Size = 0x800

.isr_vector     0x0000000008000000      0x1c4
                0x0000000008000000                . = ALIGN (0x4)
 *(.isr_vector)
 .isr_vector    0x0000000008000000      0x1c4 Core/Startup/startup_stm32f446retx.o
                0x0000000008000000                g_pfnVectors
                0x00000000080001c4                . = ALIGN (0x4)

.text           0x00000000080001d0     0xc588
                0x00000000080001d0                . = ALIGN (0x4)
 *(.text)
 .text          0x00000000080001d0       0x40 c:/st/stm32cubeide_1.4.0/stm32cubeide/plugins/com.st.stm32cube.ide.mcu.externaltools.gnu-tools-for-stm32.7-2018-q2-update.win32_1.4.0.202007081208/tools/bin/../lib/gcc/arm-none-eabi/7.3.1/thumb/v7e-m/fpv4-sp/hard/crtbegin.o
 .text          0x0000000008000210       0x10 c:/st/stm32cubeide_1.4.0/stm32cubeide/plugins/com.st.stm32cube.ide.mcu.externaltools.gnu-tools-for-stm32.7-2018-q2-update.win32_1.4.0.202007081208/tools/bin/../lib/gcc/arm-none-eabi/7.3.1/../../../../arm-none-eabi/lib/thumb/v7e-m/fpv4-sp/hard\libc_nano.a(lib_a-strlen.o)
                0x0000000008000210                strlen
 .text          0x0000000008000220       0xa0 c:/st/stm32cubeide_1.4.0/stm32cubeide/plugins/com.st.stm32cube.ide.mcu.externaltools.gnu-tools-for-stm32.7-2018-q2-update.win32_1.4.0.202007081208/tools/bin/../lib/gcc/arm-none-eabi/7.3.1/../../../../arm-none-eabi/lib/thumb/v7e-m/fpv4-sp/hard\libc_nano.a(lib_a-memchr.o)
                0x0000000008000220                memchr
 .text          0x00000000080002c0      0x378 c:/st/stm32cubeide_1.4.0/stm32cubeide/plugins/com.st.stm32cube.ide.mcu.externaltools.gnu-tools-for-stm32.7-2018-q2-update.win32_1.4.0.202007081208/tools/bin/../lib/gcc/arm-none-eabi/7.3.1/thumb/v7e-m/fpv4-sp/hard\libgcc.a(_arm_addsubdf3.o)
                0x00000000080002c0                __aeabi_drsub
                0x00000000080002c8                __aeabi_dsub
                0x00000000080002c8                __subdf3
                0x00000000080002cc                __aeabi_dadd
                0x00000000080002cc                __adddf3
                0x0000000008000544                __floatunsidf
                0x0000000008000544                __aeabi_ui2d
                0x0000000008000564                __floatsidf
                0x0000000008000564                __aeabi_i2d
                0x0000000008000588                __aeabi_f2d
                0x0000000008000588                __extendsfdf2
                0x00000000080005cc                __floatundidf
                0x00000000080005cc                __aeabi_ul2d
                0x00000000080005dc                __floatdidf
                0x00000000080005dc                __aeabi_l2d
 .text          0x0000000008000638      0x424 c:/st/stm32cubeide_1.4.0/stm32cubeide/plugins/com.st.stm32cube.ide.mcu.externaltools.gnu-tools-for-stm32.7-2018-q2-update.win32_1.4.0.202007081208/tools/bin/../lib/gcc/arm-none-eabi/7.3.1/thumb/v7e-m/fpv4-sp/hard\libgcc.a(_arm_muldivdf3.o)
                0x0000000008000638                __aeabi_dmul
                0x0000000008000638                __muldf3
                0x000000000800088c                __divdf3
                0x000000000800088c                __aeabi_ddiv
 .text          0x0000000008000a5c      0x110 c:/st/stm32cubeide_1.4.0/stm32cubeide/plugins/com.st.stm32cube.ide.mcu.externaltools.gnu-tools-for-stm32.7-2018-q2-update.win32_1.4.0.202007081208/tools/bin/../lib/gcc/arm-none-eabi/7.3.1/thumb/v7e-m/fpv4-sp/hard\libgcc.a(_arm_cmpdf2.o)
                0x0000000008000a5c                __gtdf2
                0x0000000008000a5c                __gedf2
                0x0000000008000a64                __ltdf2
                0x0000000008000a64                __ledf2
                0x0000000008000a6c                __nedf2
                0x0000000008000a6c                __eqdf2
                0x0000000008000a6c                __cmpdf2
                0x0000000008000ae8                __aeabi_cdrcmple
                0x0000000008000af8                __aeabi_cdcmpeq
                0x0000000008000af8                __aeabi_cdcmple
                0x0000000008000b08                __aeabi_dcmpeq
                0x0000000008000b1c                __aeabi_dcmplt
                0x0000000008000b30                __aeabi_dcmple
                0x0000000008000b44                __aeabi_dcmpge
                0x0000000008000b58                __aeabi_dcmpgt
 .text          0x0000000008000b6c       0x2c c:/st/stm32cubeide_1.4.0/stm32cubeide/plugins/com.st.stm32cube.ide.mcu.externaltools.gnu-tools-for-stm32.7-2018-q2-update.win32_1.4.0.202007081208/tools/bin/../lib/gcc/arm-none-eabi/7.3.1/thumb/v7e-m/fpv4-sp/hard\libgcc.a(_arm_unorddf2.o)
                0x0000000008000b6c                __unorddf2
                0x0000000008000b6c                __aeabi_dcmpun
 .text          0x0000000008000b98       0x50 c:/st/stm32cubeide_1.4.0/stm32cubeide/plugins/com.st.stm32cube.ide.mcu.externaltools.gnu-tools-for-stm32.7-2018-q2-update.win32_1.4.0.202007081208/tools/bin/../lib/gcc/arm-none-eabi/7.3.1/thumb/v7e-m/fpv4-sp/hard\libgcc.a(_arm_fixdfsi.o)
                0x0000000008000b98                __aeabi_d2iz
                0x0000000008000b98                __fixdfsi
 .text          0x0000000008000be8       0xa0 c:/st/stm32cubeide_1.4.0/stm32cubeide/plugins/com.st.stm32cube.ide.mcu.externaltools.gnu-tools-for-stm32.7-2018-q2-update.win32_1.4.0.202007081208/tools/bin/../lib/gcc/arm-none-eabi/7.3.1/thumb/v7e-m/fpv4-sp/hard\libgcc.a(_arm_truncdfsf2.o)
                0x0000000008000be8                __truncdfsf2
                0x0000000008000be8                __aeabi_d2f
 .text          0x0000000008000c88       0x30 c:/st/stm32cubeide_1.4.0/stm32cubeide/plugins/com.st.stm32cube.ide.mcu.externaltools.gnu-tools-for-stm32.7-2018-q2-update.win32_1.4.0.202007081208/tools/bin/../lib/gcc/arm-none-eabi/7.3.1/thumb/v7e-m/fpv4-sp/hard\libgcc.a(_aeabi_uldivmod.o)
                0x0000000008000c88                __aeabi_uldivmod
 .text          0x0000000008000cb8      0x2cc c:/st/stm32cubeide_1.4.0/stm32cubeide/plugins/com.st.stm32cube.ide.mcu.externaltools.gnu-tools-for-stm32.7-2018-q2-update.win32_1.4.0.202007081208/tools/bin/../lib/gcc/arm-none-eabi/7.3.1/thumb/v7e-m/fpv4-sp/hard\libgcc.a(_udivmoddi4.o)
                0x0000000008000cb8                __udivmoddi4
 .text          0x0000000008000f84        0x4 c:/st/stm32cubeide_1.4.0/stm32cubeide/plugins/com.st.stm32cube.ide.mcu.externaltools.gnu-tools-for-stm32.7-2018-q2-update.win32_1.4.0.202007081208/tools/bin/../lib/gcc/arm-none-eabi/7.3.1/thumb/v7e-m/fpv4-sp/hard\libgcc.a(_dvmd_tls.o)
                0x0000000008000f84                __aeabi_idiv0
                0x0000000008000f84                __aeabi_ldiv0
 *(.text*)
 .text.main     0x0000000008000f88      0x3ac Core/Src/main.o
                0x0000000008000f88                main
 .text.SystemClock_Config
                0x0000000008001334       0xdc Core/Src/main.o
                0x0000000008001334                SystemClock_Config
 .text.MX_CRC_Init
                0x0000000008001410       0x28 Core/Src/main.o
 .text.MX_USART2_UART_Init
                0x0000000008001438       0x54 Core/Src/main.o
 .text.MX_GPIO_Init
                0x000000000800148c      0x130 Core/Src/main.o
 .text.motion_softmax
                0x00000000080015bc       0xac Core/Src/main.o
                0x00000000080015bc                motion_softmax
 .text.predictGesture
                0x0000000008001668      0x150 Core/Src/main.o
                0x0000000008001668                predictGesture
 .text.Accelero_Sensor_Handler
                0x00000000080017b8       0x54 Core/Src/main.o
 .text.Gyro_Sensor_Handler
                0x000000000800180c       0x54 Core/Src/main.o
 .text.Error_Handler
                0x0000000008001860        0xe Core/Src/main.o
                0x0000000008001860                Error_Handler
 *fill*         0x000000000800186e        0x2 
 .text.HAL_MspInit
                0x0000000008001870       0x50 Core/Src/stm32f4xx_hal_msp.o
                0x0000000008001870                HAL_MspInit
 .text.HAL_CRC_MspInit
                0x00000000080018c0       0x44 Core/Src/stm32f4xx_hal_msp.o
                0x00000000080018c0                HAL_CRC_MspInit
 .text.HAL_UART_MspInit
                0x0000000008001904       0x90 Core/Src/stm32f4xx_hal_msp.o
                0x0000000008001904                HAL_UART_MspInit
 .text.NMI_Handler
                0x0000000008001994        0xe Core/Src/stm32f4xx_it.o
                0x0000000008001994                NMI_Handler
 .text.HardFault_Handler
                0x00000000080019a2        0x6 Core/Src/stm32f4xx_it.o
                0x00000000080019a2                HardFault_Handler
 .text.MemManage_Handler
                0x00000000080019a8        0x6 Core/Src/stm32f4xx_it.o
                0x00000000080019a8                MemManage_Handler
 .text.BusFault_Handler
                0x00000000080019ae        0x6 Core/Src/stm32f4xx_it.o
                0x00000000080019ae                BusFault_Handler
 .text.UsageFault_Handler
                0x00000000080019b4        0x6 Core/Src/stm32f4xx_it.o
                0x00000000080019b4                UsageFault_Handler
 .text.SVC_Handler
                0x00000000080019ba        0xe Core/Src/stm32f4xx_it.o
                0x00000000080019ba                SVC_Handler
 .text.DebugMon_Handler
                0x00000000080019c8        0xe Core/Src/stm32f4xx_it.o
                0x00000000080019c8                DebugMon_Handler
 .text.PendSV_Handler
                0x00000000080019d6        0xe Core/Src/stm32f4xx_it.o
                0x00000000080019d6                PendSV_Handler
 .text.SysTick_Handler
                0x00000000080019e4        0xc Core/Src/stm32f4xx_it.o
                0x00000000080019e4                SysTick_Handler
 .text.EXTI4_IRQHandler
                0x00000000080019f0        0xe Core/Src/stm32f4xx_it.o
                0x00000000080019f0                EXTI4_IRQHandler
 .text.EXTI9_5_IRQHandler
                0x00000000080019fe        0xe Core/Src/stm32f4xx_it.o
                0x00000000080019fe                EXTI9_5_IRQHandler
 .text.EXTI15_10_IRQHandler
                0x0000000008001a0c       0x18 Core/Src/stm32f4xx_it.o
                0x0000000008001a0c                EXTI15_10_IRQHandler
 .text.BSP_I2C1_Init
                0x0000000008001a24       0x64 Core/Src/stm32f4xx_nucleo_bus.o
                0x0000000008001a24                BSP_I2C1_Init
 .text.BSP_I2C1_DeInit
                0x0000000008001a88       0x50 Core/Src/stm32f4xx_nucleo_bus.o
                0x0000000008001a88                BSP_I2C1_DeInit
 .text.BSP_I2C1_WriteReg
                0x0000000008001ad8       0x64 Core/Src/stm32f4xx_nucleo_bus.o
                0x0000000008001ad8                BSP_I2C1_WriteReg
 .text.BSP_I2C1_ReadReg
                0x0000000008001b3c       0x64 Core/Src/stm32f4xx_nucleo_bus.o
                0x0000000008001b3c                BSP_I2C1_ReadReg
 .text.BSP_GetTick
                0x0000000008001ba0        0xe Core/Src/stm32f4xx_nucleo_bus.o
                0x0000000008001ba0                BSP_GetTick
 *fill*         0x0000000008001bae        0x2 
 .text.MX_I2C1_Init
                0x0000000008001bb0       0x68 Core/Src/stm32f4xx_nucleo_bus.o
                0x0000000008001bb0                MX_I2C1_Init
 .text.I2C1_MspInit
                0x0000000008001c18       0x94 Core/Src/stm32f4xx_nucleo_bus.o
 .text.I2C1_MspDeInit
                0x0000000008001cac       0x38 Core/Src/stm32f4xx_nucleo_bus.o
 .text._sbrk    0x0000000008001ce4       0x6c Core/Src/sysmem.o
                0x0000000008001ce4                _sbrk
 .text.SystemInit
                0x0000000008001d50       0x2c Core/Src/system_stm32f4xx.o
                0x0000000008001d50                SystemInit
 .text.Reset_Handler
                0x0000000008001d7c       0x50 Core/Startup/startup_stm32f446retx.o
                0x0000000008001d7c                Reset_Handler
 .text.Default_Handler
                0x0000000008001dcc        0x2 Core/Startup/startup_stm32f446retx.o
                0x0000000008001dcc                RTC_Alarm_IRQHandler
                0x0000000008001dcc                EXTI2_IRQHandler
                0x0000000008001dcc                TIM8_CC_IRQHandler
                0x0000000008001dcc                FMPI2C1_EV_IRQHandler
                0x0000000008001dcc                SPI4_IRQHandler
                0x0000000008001dcc                TIM1_CC_IRQHandler
                0x0000000008001dcc                DMA2_Stream5_IRQHandler
                0x0000000008001dcc                DMA1_Stream5_IRQHandler
                0x0000000008001dcc                PVD_IRQHandler
                0x0000000008001dcc                SDIO_IRQHandler
                0x0000000008001dcc                TAMP_STAMP_IRQHandler
                0x0000000008001dcc                CAN2_RX1_IRQHandler
                0x0000000008001dcc                EXTI3_IRQHandler
                0x0000000008001dcc                TIM8_TRG_COM_TIM14_IRQHandler
                0x0000000008001dcc                TIM1_UP_TIM10_IRQHandler
                0x0000000008001dcc                TIM8_UP_TIM13_IRQHandler
                0x0000000008001dcc                I2C3_ER_IRQHandler
                0x0000000008001dcc                EXTI0_IRQHandler
                0x0000000008001dcc                I2C2_EV_IRQHandler
                0x0000000008001dcc                DMA1_Stream2_IRQHandler
                0x0000000008001dcc                CAN1_RX0_IRQHandler
                0x0000000008001dcc                FPU_IRQHandler
                0x0000000008001dcc                OTG_HS_WKUP_IRQHandler
                0x0000000008001dcc                CAN2_SCE_IRQHandler
                0x0000000008001dcc                DMA2_Stream2_IRQHandler
                0x0000000008001dcc                SPI1_IRQHandler
                0x0000000008001dcc                TIM6_DAC_IRQHandler
                0x0000000008001dcc                TIM1_BRK_TIM9_IRQHandler
                0x0000000008001dcc                DCMI_IRQHandler
                0x0000000008001dcc                CAN2_RX0_IRQHandler
                0x0000000008001dcc                DMA2_Stream3_IRQHandler
                0x0000000008001dcc                SAI2_IRQHandler
                0x0000000008001dcc                USART6_IRQHandler
                0x0000000008001dcc                USART3_IRQHandler
                0x0000000008001dcc                CAN1_RX1_IRQHandler
                0x0000000008001dcc                UART5_IRQHandler
                0x0000000008001dcc                DMA2_Stream0_IRQHandler
                0x0000000008001dcc                TIM4_IRQHandler
                0x0000000008001dcc                QUADSPI_IRQHandler
                0x0000000008001dcc                I2C1_EV_IRQHandler
                0x0000000008001dcc                DMA1_Stream6_IRQHandler
                0x0000000008001dcc                DMA1_Stream1_IRQHandler
                0x0000000008001dcc                UART4_IRQHandler
                0x0000000008001dcc                TIM3_IRQHandler
                0x0000000008001dcc                RCC_IRQHandler
                0x0000000008001dcc                TIM8_BRK_TIM12_IRQHandler
                0x0000000008001dcc                Default_Handler
                0x0000000008001dcc                CEC_IRQHandler
                0x0000000008001dcc                ADC_IRQHandler
                0x0000000008001dcc                DMA1_Stream7_IRQHandler
                0x0000000008001dcc                TIM7_IRQHandler
                0x0000000008001dcc                CAN2_TX_IRQHandler
                0x0000000008001dcc                TIM5_IRQHandler
                0x0000000008001dcc                DMA2_Stream7_IRQHandler
                0x0000000008001dcc                I2C3_EV_IRQHandler
                0x0000000008001dcc                RTC_WKUP_IRQHandler
                0x0000000008001dcc                SPDIF_RX_IRQHandler
                0x0000000008001dcc                SPI2_IRQHandler
                0x0000000008001dcc                OTG_HS_EP1_IN_IRQHandler
                0x0000000008001dcc                DMA1_Stream0_IRQHandler
                0x0000000008001dcc                CAN1_TX_IRQHandler
                0x0000000008001dcc                FMPI2C1_ER_IRQHandler
                0x0000000008001dcc                OTG_HS_EP1_OUT_IRQHandler
                0x0000000008001dcc                WWDG_IRQHandler
                0x0000000008001dcc                TIM2_IRQHandler
                0x0000000008001dcc                OTG_FS_WKUP_IRQHandler
                0x0000000008001dcc                TIM1_TRG_COM_TIM11_IRQHandler
                0x0000000008001dcc                OTG_HS_IRQHandler
                0x0000000008001dcc                EXTI1_IRQHandler
                0x0000000008001dcc                USART2_IRQHandler
                0x0000000008001dcc                I2C2_ER_IRQHandler
                0x0000000008001dcc                DMA2_Stream1_IRQHandler
                0x0000000008001dcc                CAN1_SCE_IRQHandler
                0x0000000008001dcc                FLASH_IRQHandler
                0x0000000008001dcc                DMA2_Stream4_IRQHandler
                0x0000000008001dcc                USART1_IRQHandler
                0x0000000008001dcc                OTG_FS_IRQHandler
                0x0000000008001dcc                SPI3_IRQHandler
                0x0000000008001dcc                DMA1_Stream4_IRQHandler
                0x0000000008001dcc                I2C1_ER_IRQHandler
                0x0000000008001dcc                FMC_IRQHandler
                0x0000000008001dcc                DMA2_Stream6_IRQHandler
                0x0000000008001dcc                SAI1_IRQHandler
                0x0000000008001dcc                DMA1_Stream3_IRQHandler
 *fill*         0x0000000008001dce        0x2 
 .text.LSM303AGR_ACC_RegisterBusIO
                0x0000000008001dd0       0xcc Drivers/BSP/Components/lsm303agr/lsm303agr.o
                0x0000000008001dd0                LSM303AGR_ACC_RegisterBusIO
 .text.LSM303AGR_ACC_Init
                0x0000000008001e9c       0x82 Drivers/BSP/Components/lsm303agr/lsm303agr.o
                0x0000000008001e9c                LSM303AGR_ACC_Init
 .text.LSM303AGR_ACC_DeInit
                0x0000000008001f1e       0x34 Drivers/BSP/Components/lsm303agr/lsm303agr.o
                0x0000000008001f1e                LSM303AGR_ACC_DeInit
 .text.LSM303AGR_ACC_ReadID
                0x0000000008001f52       0x2c Drivers/BSP/Components/lsm303agr/lsm303agr.o
                0x0000000008001f52                LSM303AGR_ACC_ReadID
 *fill*         0x0000000008001f7e        0x2 
 .text.LSM303AGR_ACC_GetCapabilities
                0x0000000008001f80       0x5c Drivers/BSP/Components/lsm303agr/lsm303agr.o
                0x0000000008001f80                LSM303AGR_ACC_GetCapabilities
 .text.LSM303AGR_ACC_Enable
                0x0000000008001fdc       0x48 Drivers/BSP/Components/lsm303agr/lsm303agr.o
                0x0000000008001fdc                LSM303AGR_ACC_Enable
 .text.LSM303AGR_ACC_Disable
                0x0000000008002024       0x5e Drivers/BSP/Components/lsm303agr/lsm303agr.o
                0x0000000008002024                LSM303AGR_ACC_Disable
 .text.LSM303AGR_ACC_GetSensitivity
                0x0000000008002082       0x90 Drivers/BSP/Components/lsm303agr/lsm303agr.o
                0x0000000008002082                LSM303AGR_ACC_GetSensitivity
 *fill*         0x0000000008002112        0x2 
 .text.LSM303AGR_ACC_GetOutputDataRate
                0x0000000008002114      0x198 Drivers/BSP/Components/lsm303agr/lsm303agr.o
                0x0000000008002114                LSM303AGR_ACC_GetOutputDataRate
 .text.LSM303AGR_ACC_SetOutputDataRate
                0x00000000080022ac       0x38 Drivers/BSP/Components/lsm303agr/lsm303agr.o
                0x00000000080022ac                LSM303AGR_ACC_SetOutputDataRate
 .text.LSM303AGR_ACC_GetFullScale
                0x00000000080022e4       0x7c Drivers/BSP/Components/lsm303agr/lsm303agr.o
                0x00000000080022e4                LSM303AGR_ACC_GetFullScale
 .text.LSM303AGR_ACC_SetFullScale
                0x0000000008002360       0x50 Drivers/BSP/Components/lsm303agr/lsm303agr.o
                0x0000000008002360                LSM303AGR_ACC_SetFullScale
 .text.LSM303AGR_ACC_GetAxesRaw
                0x00000000080023b0       0xc6 Drivers/BSP/Components/lsm303agr/lsm303agr.o
                0x00000000080023b0                LSM303AGR_ACC_GetAxesRaw
 .text.LSM303AGR_ACC_GetAxes
                0x0000000008002476       0xaa Drivers/BSP/Components/lsm303agr/lsm303agr.o
                0x0000000008002476                LSM303AGR_ACC_GetAxes
 .text.LSM303AGR_ACC_Write_Reg
                0x0000000008002520       0x36 Drivers/BSP/Components/lsm303agr/lsm303agr.o
                0x0000000008002520                LSM303AGR_ACC_Write_Reg
 *fill*         0x0000000008002556        0x2 
 .text.LSM303AGR_MAG_RegisterBusIO
                0x0000000008002558       0xc8 Drivers/BSP/Components/lsm303agr/lsm303agr.o
                0x0000000008002558                LSM303AGR_MAG_RegisterBusIO
 .text.LSM303AGR_MAG_Init
                0x0000000008002620       0x7a Drivers/BSP/Components/lsm303agr/lsm303agr.o
                0x0000000008002620                LSM303AGR_MAG_Init
 .text.LSM303AGR_MAG_DeInit
                0x000000000800269a       0x2c Drivers/BSP/Components/lsm303agr/lsm303agr.o
                0x000000000800269a                LSM303AGR_MAG_DeInit
 .text.LSM303AGR_MAG_ReadID
                0x00000000080026c6       0x2c Drivers/BSP/Components/lsm303agr/lsm303agr.o
                0x00000000080026c6                LSM303AGR_MAG_ReadID
 *fill*         0x00000000080026f2        0x2 
 .text.LSM303AGR_MAG_GetCapabilities
                0x00000000080026f4       0x5c Drivers/BSP/Components/lsm303agr/lsm303agr.o
                0x00000000080026f4                LSM303AGR_MAG_GetCapabilities
 .text.LSM303AGR_MAG_Enable
                0x0000000008002750       0x40 Drivers/BSP/Components/lsm303agr/lsm303agr.o
                0x0000000008002750                LSM303AGR_MAG_Enable
 .text.LSM303AGR_MAG_Disable
                0x0000000008002790       0x40 Drivers/BSP/Components/lsm303agr/lsm303agr.o
                0x0000000008002790                LSM303AGR_MAG_Disable
 .text.LSM303AGR_MAG_GetSensitivity
                0x00000000080027d0       0x20 Drivers/BSP/Components/lsm303agr/lsm303agr.o
                0x00000000080027d0                LSM303AGR_MAG_GetSensitivity
 .text.LSM303AGR_MAG_GetOutputDataRate
                0x00000000080027f0       0x8c Drivers/BSP/Components/lsm303agr/lsm303agr.o
                0x00000000080027f0                LSM303AGR_MAG_GetOutputDataRate
 .text.LSM303AGR_MAG_SetOutputDataRate
                0x000000000800287c       0x7c Drivers/BSP/Components/lsm303agr/lsm303agr.o
                0x000000000800287c                LSM303AGR_MAG_SetOutputDataRate
 .text.LSM303AGR_MAG_GetFullScale
                0x00000000080028f8       0x1e Drivers/BSP/Components/lsm303agr/lsm303agr.o
                0x00000000080028f8                LSM303AGR_MAG_GetFullScale
 .text.LSM303AGR_MAG_SetFullScale
                0x0000000008002916       0x18 Drivers/BSP/Components/lsm303agr/lsm303agr.o
                0x0000000008002916                LSM303AGR_MAG_SetFullScale
 .text.LSM303AGR_MAG_GetAxesRaw
                0x000000000800292e       0x48 Drivers/BSP/Components/lsm303agr/lsm303agr.o
                0x000000000800292e                LSM303AGR_MAG_GetAxesRaw
 .text.LSM303AGR_MAG_GetAxes
                0x0000000008002976       0x9c Drivers/BSP/Components/lsm303agr/lsm303agr.o
                0x0000000008002976                LSM303AGR_MAG_GetAxes
 *fill*         0x0000000008002a12        0x2 
 .text.LSM303AGR_ACC_GetSensitivityHR
                0x0000000008002a14       0x8c Drivers/BSP/Components/lsm303agr/lsm303agr.o
 .text.LSM303AGR_ACC_GetSensitivityNM
                0x0000000008002aa0       0x8c Drivers/BSP/Components/lsm303agr/lsm303agr.o
 .text.LSM303AGR_ACC_GetSensitivityLP
                0x0000000008002b2c       0x8c Drivers/BSP/Components/lsm303agr/lsm303agr.o
 .text.LSM303AGR_ACC_SetOutputDataRate_When_Enabled
                0x0000000008002bb8       0xc4 Drivers/BSP/Components/lsm303agr/lsm303agr.o
 .text.LSM303AGR_ACC_SetOutputDataRate_When_Disabled
                0x0000000008002c7c       0xb4 Drivers/BSP/Components/lsm303agr/lsm303agr.o
 .text.ReadAccRegWrap
                0x0000000008002d30       0x62 Drivers/BSP/Components/lsm303agr/lsm303agr.o
 .text.WriteAccRegWrap
                0x0000000008002d92       0x62 Drivers/BSP/Components/lsm303agr/lsm303agr.o
 .text.ReadMagRegWrap
                0x0000000008002df4       0x62 Drivers/BSP/Components/lsm303agr/lsm303agr.o
 .text.WriteMagRegWrap
                0x0000000008002e56       0x62 Drivers/BSP/Components/lsm303agr/lsm303agr.o
 .text.lsm303agr_read_reg
                0x0000000008002eb8       0x30 Drivers/BSP/Components/lsm303agr/lsm303agr_reg.o
                0x0000000008002eb8                lsm303agr_read_reg
 .text.lsm303agr_write_reg
                0x0000000008002ee8       0x30 Drivers/BSP/Components/lsm303agr/lsm303agr_reg.o
                0x0000000008002ee8                lsm303agr_write_reg
 .text.lsm303agr_xl_operating_mode_get
                0x0000000008002f18       0x68 Drivers/BSP/Components/lsm303agr/lsm303agr_reg.o
                0x0000000008002f18                lsm303agr_xl_operating_mode_get
 .text.lsm303agr_xl_data_rate_set
                0x0000000008002f80       0x4c Drivers/BSP/Components/lsm303agr/lsm303agr_reg.o
                0x0000000008002f80                lsm303agr_xl_data_rate_set
 .text.lsm303agr_xl_data_rate_get
                0x0000000008002fcc       0xb8 Drivers/BSP/Components/lsm303agr/lsm303agr_reg.o
                0x0000000008002fcc                lsm303agr_xl_data_rate_get
 .text.lsm303agr_xl_full_scale_set
                0x0000000008003084       0x4c Drivers/BSP/Components/lsm303agr/lsm303agr_reg.o
                0x0000000008003084                lsm303agr_xl_full_scale_set
 .text.lsm303agr_xl_full_scale_get
                0x00000000080030d0       0x70 Drivers/BSP/Components/lsm303agr/lsm303agr_reg.o
                0x00000000080030d0                lsm303agr_xl_full_scale_get
 .text.lsm303agr_xl_block_data_update_set
                0x0000000008003140       0x4c Drivers/BSP/Components/lsm303agr/lsm303agr_reg.o
                0x0000000008003140                lsm303agr_xl_block_data_update_set
 .text.lsm303agr_acceleration_raw_get
                0x000000000800318c       0x22 Drivers/BSP/Components/lsm303agr/lsm303agr_reg.o
                0x000000000800318c                lsm303agr_acceleration_raw_get
 .text.lsm303agr_mag_operating_mode_set
                0x00000000080031ae       0x4c Drivers/BSP/Components/lsm303agr/lsm303agr_reg.o
                0x00000000080031ae                lsm303agr_mag_operating_mode_set
 .text.lsm303agr_mag_data_rate_set
                0x00000000080031fa       0x4c Drivers/BSP/Components/lsm303agr/lsm303agr_reg.o
                0x00000000080031fa                lsm303agr_mag_data_rate_set
 *fill*         0x0000000008003246        0x2 
 .text.lsm303agr_mag_data_rate_get
                0x0000000008003248       0x70 Drivers/BSP/Components/lsm303agr/lsm303agr_reg.o
                0x0000000008003248                lsm303agr_mag_data_rate_get
 .text.lsm303agr_mag_block_data_update_set
                0x00000000080032b8       0x4c Drivers/BSP/Components/lsm303agr/lsm303agr_reg.o
                0x00000000080032b8                lsm303agr_mag_block_data_update_set
 .text.lsm303agr_magnetic_raw_get
                0x0000000008003304       0x22 Drivers/BSP/Components/lsm303agr/lsm303agr_reg.o
                0x0000000008003304                lsm303agr_magnetic_raw_get
 .text.lsm303agr_xl_device_id_get
                0x0000000008003326       0x22 Drivers/BSP/Components/lsm303agr/lsm303agr_reg.o
                0x0000000008003326                lsm303agr_xl_device_id_get
 .text.lsm303agr_mag_device_id_get
                0x0000000008003348       0x22 Drivers/BSP/Components/lsm303agr/lsm303agr_reg.o
                0x0000000008003348                lsm303agr_mag_device_id_get
 .text.lsm303agr_mag_self_test_set
                0x000000000800336a       0x4c Drivers/BSP/Components/lsm303agr/lsm303agr_reg.o
                0x000000000800336a                lsm303agr_mag_self_test_set
 .text.lsm303agr_xl_fifo_mode_set
                0x00000000080033b6       0x4c Drivers/BSP/Components/lsm303agr/lsm303agr_reg.o
                0x00000000080033b6                lsm303agr_xl_fifo_mode_set
 .text.lsm303agr_mag_i2c_interface_set
                0x0000000008003402       0x4c Drivers/BSP/Components/lsm303agr/lsm303agr_reg.o
                0x0000000008003402                lsm303agr_mag_i2c_interface_set
 *fill*         0x000000000800344e        0x2 
 .text.LSM6DSL_RegisterBusIO
                0x0000000008003450       0xcc Drivers/BSP/Components/lsm6dsl/lsm6dsl.o
                0x0000000008003450                LSM6DSL_RegisterBusIO
 .text.LSM6DSL_Init
                0x000000000800351c       0xd2 Drivers/BSP/Components/lsm6dsl/lsm6dsl.o
                0x000000000800351c                LSM6DSL_Init
 .text.LSM6DSL_DeInit
                0x00000000080035ee       0x4e Drivers/BSP/Components/lsm6dsl/lsm6dsl.o
                0x00000000080035ee                LSM6DSL_DeInit
 .text.LSM6DSL_ReadID
                0x000000000800363c       0x2c Drivers/BSP/Components/lsm6dsl/lsm6dsl.o
                0x000000000800363c                LSM6DSL_ReadID
 .text.LSM6DSL_GetCapabilities
                0x0000000008003668       0x5c Drivers/BSP/Components/lsm6dsl/lsm6dsl.o
                0x0000000008003668                LSM6DSL_GetCapabilities
 .text.LSM6DSL_ACC_Enable
                0x00000000080036c4       0x48 Drivers/BSP/Components/lsm6dsl/lsm6dsl.o
                0x00000000080036c4                LSM6DSL_ACC_Enable
 .text.LSM6DSL_ACC_Disable
                0x000000000800370c       0x5e Drivers/BSP/Components/lsm6dsl/lsm6dsl.o
                0x000000000800370c                LSM6DSL_ACC_Disable
 *fill*         0x000000000800376a        0x2 
 .text.LSM6DSL_ACC_GetSensitivity
                0x000000000800376c       0x8c Drivers/BSP/Components/lsm6dsl/lsm6dsl.o
                0x000000000800376c                LSM6DSL_ACC_GetSensitivity
 .text.LSM6DSL_ACC_GetOutputDataRate
                0x00000000080037f8      0x108 Drivers/BSP/Components/lsm6dsl/lsm6dsl.o
                0x00000000080037f8                LSM6DSL_ACC_GetOutputDataRate
 .text.LSM6DSL_ACC_SetOutputDataRate
                0x0000000008003900       0x38 Drivers/BSP/Components/lsm6dsl/lsm6dsl.o
                0x0000000008003900                LSM6DSL_ACC_SetOutputDataRate
 .text.LSM6DSL_ACC_GetFullScale
                0x0000000008003938       0x7c Drivers/BSP/Components/lsm6dsl/lsm6dsl.o
                0x0000000008003938                LSM6DSL_ACC_GetFullScale
 .text.LSM6DSL_ACC_SetFullScale
                0x00000000080039b4       0x50 Drivers/BSP/Components/lsm6dsl/lsm6dsl.o
                0x00000000080039b4                LSM6DSL_ACC_SetFullScale
 .text.LSM6DSL_ACC_GetAxesRaw
                0x0000000008003a04       0x48 Drivers/BSP/Components/lsm6dsl/lsm6dsl.o
                0x0000000008003a04                LSM6DSL_ACC_GetAxesRaw
 .text.LSM6DSL_ACC_GetAxes
                0x0000000008003a4c       0xae Drivers/BSP/Components/lsm6dsl/lsm6dsl.o
                0x0000000008003a4c                LSM6DSL_ACC_GetAxes
 .text.LSM6DSL_GYRO_Enable
                0x0000000008003afa       0x48 Drivers/BSP/Components/lsm6dsl/lsm6dsl.o
                0x0000000008003afa                LSM6DSL_GYRO_Enable
 .text.LSM6DSL_GYRO_Disable
                0x0000000008003b42       0x5e Drivers/BSP/Components/lsm6dsl/lsm6dsl.o
                0x0000000008003b42                LSM6DSL_GYRO_Disable
 .text.LSM6DSL_GYRO_GetSensitivity
                0x0000000008003ba0       0xa4 Drivers/BSP/Components/lsm6dsl/lsm6dsl.o
                0x0000000008003ba0                LSM6DSL_GYRO_GetSensitivity
 .text.LSM6DSL_GYRO_GetOutputDataRate
                0x0000000008003c44       0xf8 Drivers/BSP/Components/lsm6dsl/lsm6dsl.o
                0x0000000008003c44                LSM6DSL_GYRO_GetOutputDataRate
 .text.LSM6DSL_GYRO_SetOutputDataRate
                0x0000000008003d3c       0x38 Drivers/BSP/Components/lsm6dsl/lsm6dsl.o
                0x0000000008003d3c                LSM6DSL_GYRO_SetOutputDataRate
 .text.LSM6DSL_GYRO_GetFullScale
                0x0000000008003d74       0x94 Drivers/BSP/Components/lsm6dsl/lsm6dsl.o
                0x0000000008003d74                LSM6DSL_GYRO_GetFullScale
 .text.LSM6DSL_GYRO_SetFullScale
                0x0000000008003e08       0x5e Drivers/BSP/Components/lsm6dsl/lsm6dsl.o
                0x0000000008003e08                LSM6DSL_GYRO_SetFullScale
 .text.LSM6DSL_GYRO_GetAxesRaw
                0x0000000008003e66       0x48 Drivers/BSP/Components/lsm6dsl/lsm6dsl.o
                0x0000000008003e66                LSM6DSL_GYRO_GetAxesRaw
 .text.LSM6DSL_GYRO_GetAxes
                0x0000000008003eae       0xa8 Drivers/BSP/Components/lsm6dsl/lsm6dsl.o
                0x0000000008003eae                LSM6DSL_GYRO_GetAxes
 .text.LSM6DSL_Write_Reg
                0x0000000008003f56       0x36 Drivers/BSP/Components/lsm6dsl/lsm6dsl.o
                0x0000000008003f56                LSM6DSL_Write_Reg
 .text.LSM6DSL_ACC_SetOutputDataRate_When_Enabled
                0x0000000008003f8c      0x118 Drivers/BSP/Components/lsm6dsl/lsm6dsl.o
 .text.LSM6DSL_ACC_SetOutputDataRate_When_Disabled
                0x00000000080040a4      0x104 Drivers/BSP/Components/lsm6dsl/lsm6dsl.o
 .text.LSM6DSL_GYRO_SetOutputDataRate_When_Enabled
                0x00000000080041a8      0x118 Drivers/BSP/Components/lsm6dsl/lsm6dsl.o
 .text.LSM6DSL_GYRO_SetOutputDataRate_When_Disabled
                0x00000000080042c0      0x104 Drivers/BSP/Components/lsm6dsl/lsm6dsl.o
 .text.ReadRegWrap
                0x00000000080043c4       0x36 Drivers/BSP/Components/lsm6dsl/lsm6dsl.o
 .text.WriteRegWrap
                0x00000000080043fa       0x36 Drivers/BSP/Components/lsm6dsl/lsm6dsl.o
 .text.lsm6dsl_read_reg
                0x0000000008004430       0x30 Drivers/BSP/Components/lsm6dsl/lsm6dsl_reg.o
                0x0000000008004430                lsm6dsl_read_reg
 .text.lsm6dsl_write_reg
                0x0000000008004460       0x30 Drivers/BSP/Components/lsm6dsl/lsm6dsl_reg.o
                0x0000000008004460                lsm6dsl_write_reg
 .text.lsm6dsl_xl_full_scale_set
                0x0000000008004490       0x4c Drivers/BSP/Components/lsm6dsl/lsm6dsl_reg.o
                0x0000000008004490                lsm6dsl_xl_full_scale_set
 .text.lsm6dsl_xl_full_scale_get
                0x00000000080044dc       0x70 Drivers/BSP/Components/lsm6dsl/lsm6dsl_reg.o
                0x00000000080044dc                lsm6dsl_xl_full_scale_get
 .text.lsm6dsl_xl_data_rate_set
                0x000000000800454c       0x4c Drivers/BSP/Components/lsm6dsl/lsm6dsl_reg.o
                0x000000000800454c                lsm6dsl_xl_data_rate_set
 .text.lsm6dsl_xl_data_rate_get
                0x0000000008004598       0xd0 Drivers/BSP/Components/lsm6dsl/lsm6dsl_reg.o
                0x0000000008004598                lsm6dsl_xl_data_rate_get
 .text.lsm6dsl_gy_full_scale_set
                0x0000000008004668       0x4c Drivers/BSP/Components/lsm6dsl/lsm6dsl_reg.o
                0x0000000008004668                lsm6dsl_gy_full_scale_set
 .text.lsm6dsl_gy_full_scale_get
                0x00000000080046b4       0x84 Drivers/BSP/Components/lsm6dsl/lsm6dsl_reg.o
                0x00000000080046b4                lsm6dsl_gy_full_scale_get
 .text.lsm6dsl_gy_data_rate_set
                0x0000000008004738       0x4c Drivers/BSP/Components/lsm6dsl/lsm6dsl_reg.o
                0x0000000008004738                lsm6dsl_gy_data_rate_set
 .text.lsm6dsl_gy_data_rate_get
                0x0000000008004784       0xc4 Drivers/BSP/Components/lsm6dsl/lsm6dsl_reg.o
                0x0000000008004784                lsm6dsl_gy_data_rate_get
 .text.lsm6dsl_block_data_update_set
                0x0000000008004848       0x4c Drivers/BSP/Components/lsm6dsl/lsm6dsl_reg.o
                0x0000000008004848                lsm6dsl_block_data_update_set
 .text.lsm6dsl_angular_rate_raw_get
                0x0000000008004894       0x22 Drivers/BSP/Components/lsm6dsl/lsm6dsl_reg.o
                0x0000000008004894                lsm6dsl_angular_rate_raw_get
 .text.lsm6dsl_acceleration_raw_get
                0x00000000080048b6       0x22 Drivers/BSP/Components/lsm6dsl/lsm6dsl_reg.o
                0x00000000080048b6                lsm6dsl_acceleration_raw_get
 .text.lsm6dsl_device_id_get
                0x00000000080048d8       0x22 Drivers/BSP/Components/lsm6dsl/lsm6dsl_reg.o
                0x00000000080048d8                lsm6dsl_device_id_get
 .text.lsm6dsl_auto_increment_set
                0x00000000080048fa       0x4c Drivers/BSP/Components/lsm6dsl/lsm6dsl_reg.o
                0x00000000080048fa                lsm6dsl_auto_increment_set
 .text.lsm6dsl_fifo_mode_set
                0x0000000008004946       0x4c Drivers/BSP/Components/lsm6dsl/lsm6dsl_reg.o
                0x0000000008004946                lsm6dsl_fifo_mode_set
 *fill*         0x0000000008004992        0x2 
 .text.IKS01A2_MOTION_SENSOR_Init
                0x0000000008004994      0x1ec Drivers/BSP/IKS01A2/iks01a2_motion_sensors.o
                0x0000000008004994                IKS01A2_MOTION_SENSOR_Init
 .text.IKS01A2_MOTION_SENSOR_GetAxes
                0x0000000008004b80       0x88 Drivers/BSP/IKS01A2/iks01a2_motion_sensors.o
                0x0000000008004b80                IKS01A2_MOTION_SENSOR_GetAxes
 .text.LSM6DSL_0_Probe
                0x0000000008004c08      0x178 Drivers/BSP/IKS01A2/iks01a2_motion_sensors.o
 .text.LSM303AGR_ACC_0_Probe
                0x0000000008004d80      0x148 Drivers/BSP/IKS01A2/iks01a2_motion_sensors.o
 .text.LSM303AGR_MAG_0_Probe
                0x0000000008004ec8      0x148 Drivers/BSP/IKS01A2/iks01a2_motion_sensors.o
 .text.HAL_Init
                0x0000000008005010       0x44 Drivers/STM32F4xx_HAL_Driver/Src/stm32f4xx_hal.o
                0x0000000008005010                HAL_Init
 .text.HAL_InitTick
                0x0000000008005054       0x60 Drivers/STM32F4xx_HAL_Driver/Src/stm32f4xx_hal.o
                0x0000000008005054                HAL_InitTick
 .text.HAL_IncTick
                0x00000000080050b4       0x28 Drivers/STM32F4xx_HAL_Driver/Src/stm32f4xx_hal.o
                0x00000000080050b4                HAL_IncTick
 .text.HAL_GetTick
                0x00000000080050dc       0x18 Drivers/STM32F4xx_HAL_Driver/Src/stm32f4xx_hal.o
                0x00000000080050dc                HAL_GetTick
 .text.HAL_Delay
                0x00000000080050f4       0x44 Drivers/STM32F4xx_HAL_Driver/Src/stm32f4xx_hal.o
                0x00000000080050f4                HAL_Delay
 .text.__NVIC_SetPriorityGrouping
                0x0000000008005138       0x48 Drivers/STM32F4xx_HAL_Driver/Src/stm32f4xx_hal_cortex.o
 .text.__NVIC_GetPriorityGrouping
                0x0000000008005180       0x1c Drivers/STM32F4xx_HAL_Driver/Src/stm32f4xx_hal_cortex.o
 .text.__NVIC_EnableIRQ
                0x000000000800519c       0x3c Drivers/STM32F4xx_HAL_Driver/Src/stm32f4xx_hal_cortex.o
 .text.__NVIC_SetPriority
                0x00000000080051d8       0x54 Drivers/STM32F4xx_HAL_Driver/Src/stm32f4xx_hal_cortex.o
 .text.NVIC_EncodePriority
                0x000000000800522c       0x66 Drivers/STM32F4xx_HAL_Driver/Src/stm32f4xx_hal_cortex.o
 *fill*         0x0000000008005292        0x2 
 .text.SysTick_Config
                0x0000000008005294       0x44 Drivers/STM32F4xx_HAL_Driver/Src/stm32f4xx_hal_cortex.o
 .text.HAL_NVIC_SetPriorityGrouping
                0x00000000080052d8       0x16 Drivers/STM32F4xx_HAL_Driver/Src/stm32f4xx_hal_cortex.o
                0x00000000080052d8                HAL_NVIC_SetPriorityGrouping
 .text.HAL_NVIC_SetPriority
                0x00000000080052ee       0x38 Drivers/STM32F4xx_HAL_Driver/Src/stm32f4xx_hal_cortex.o
                0x00000000080052ee                HAL_NVIC_SetPriority
 .text.HAL_NVIC_EnableIRQ
                0x0000000008005326       0x1c Drivers/STM32F4xx_HAL_Driver/Src/stm32f4xx_hal_cortex.o
                0x0000000008005326                HAL_NVIC_EnableIRQ
 .text.HAL_SYSTICK_Config
                0x0000000008005342       0x18 Drivers/STM32F4xx_HAL_Driver/Src/stm32f4xx_hal_cortex.o
                0x0000000008005342                HAL_SYSTICK_Config
 .text.HAL_CRC_Init
                0x000000000800535a       0x38 Drivers/STM32F4xx_HAL_Driver/Src/stm32f4xx_hal_crc.o
                0x000000000800535a                HAL_CRC_Init
 *fill*         0x0000000008005392        0x2 
 .text.HAL_GPIO_Init
                0x0000000008005394      0x324 Drivers/STM32F4xx_HAL_Driver/Src/stm32f4xx_hal_gpio.o
                0x0000000008005394                HAL_GPIO_Init
 .text.HAL_GPIO_DeInit
                0x00000000080056b8      0x1e4 Drivers/STM32F4xx_HAL_Driver/Src/stm32f4xx_hal_gpio.o
                0x00000000080056b8                HAL_GPIO_DeInit
 .text.HAL_GPIO_ReadPin
                0x000000000800589c       0x30 Drivers/STM32F4xx_HAL_Driver/Src/stm32f4xx_hal_gpio.o
                0x000000000800589c                HAL_GPIO_ReadPin
 .text.HAL_GPIO_WritePin
                0x00000000080058cc       0x32 Drivers/STM32F4xx_HAL_Driver/Src/stm32f4xx_hal_gpio.o
                0x00000000080058cc                HAL_GPIO_WritePin
 *fill*         0x00000000080058fe        0x2 
 .text.HAL_GPIO_EXTI_IRQHandler
                0x0000000008005900       0x30 Drivers/STM32F4xx_HAL_Driver/Src/stm32f4xx_hal_gpio.o
                0x0000000008005900                HAL_GPIO_EXTI_IRQHandler
 .text.HAL_GPIO_EXTI_Callback
                0x0000000008005930       0x16 Drivers/STM32F4xx_HAL_Driver/Src/stm32f4xx_hal_gpio.o
                0x0000000008005930                HAL_GPIO_EXTI_Callback
 *fill*         0x0000000008005946        0x2 
 .text.HAL_I2C_Init
                0x0000000008005948      0x270 Drivers/STM32F4xx_HAL_Driver/Src/stm32f4xx_hal_i2c.o
                0x0000000008005948                HAL_I2C_Init
 .text.HAL_I2C_DeInit
                0x0000000008005bb8       0x5e Drivers/STM32F4xx_HAL_Driver/Src/stm32f4xx_hal_i2c.o
                0x0000000008005bb8                HAL_I2C_DeInit
 .text.HAL_I2C_MspInit
                0x0000000008005c16       0x14 Drivers/STM32F4xx_HAL_Driver/Src/stm32f4xx_hal_i2c.o
                0x0000000008005c16                HAL_I2C_MspInit
 .text.HAL_I2C_MspDeInit
                0x0000000008005c2a       0x14 Drivers/STM32F4xx_HAL_Driver/Src/stm32f4xx_hal_i2c.o
                0x0000000008005c2a                HAL_I2C_MspDeInit
 *fill*         0x0000000008005c3e        0x2 
 .text.HAL_I2C_Mem_Write
                0x0000000008005c40      0x1f4 Drivers/STM32F4xx_HAL_Driver/Src/stm32f4xx_hal_i2c.o
                0x0000000008005c40                HAL_I2C_Mem_Write
 .text.HAL_I2C_Mem_Read
                0x0000000008005e34      0x44c Drivers/STM32F4xx_HAL_Driver/Src/stm32f4xx_hal_i2c.o
                0x0000000008005e34                HAL_I2C_Mem_Read
 .text.HAL_I2C_GetState
                0x0000000008006280       0x1c Drivers/STM32F4xx_HAL_Driver/Src/stm32f4xx_hal_i2c.o
                0x0000000008006280                HAL_I2C_GetState
 .text.HAL_I2C_GetError
                0x000000000800629c       0x18 Drivers/STM32F4xx_HAL_Driver/Src/stm32f4xx_hal_i2c.o
                0x000000000800629c                HAL_I2C_GetError
 .text.I2C_RequestMemoryWrite
                0x00000000080062b4      0x12c Drivers/STM32F4xx_HAL_Driver/Src/stm32f4xx_hal_i2c.o
 .text.I2C_RequestMemoryRead
                0x00000000080063e0      0x1d0 Drivers/STM32F4xx_HAL_Driver/Src/stm32f4xx_hal_i2c.o
 .text.I2C_WaitOnFlagUntilTimeout
                0x00000000080065b0       0xae Drivers/STM32F4xx_HAL_Driver/Src/stm32f4xx_hal_i2c.o
 .text.I2C_WaitOnMasterAddressFlagUntilTimeout
                0x000000000800665e       0xfe Drivers/STM32F4xx_HAL_Driver/Src/stm32f4xx_hal_i2c.o
 .text.I2C_WaitOnTXEFlagUntilTimeout
                0x000000000800675c       0x82 Drivers/STM32F4xx_HAL_Driver/Src/stm32f4xx_hal_i2c.o
 .text.I2C_WaitOnBTFFlagUntilTimeout
                0x00000000080067de       0x82 Drivers/STM32F4xx_HAL_Driver/Src/stm32f4xx_hal_i2c.o
 .text.I2C_WaitOnRXNEFlagUntilTimeout
                0x0000000008006860       0xac Drivers/STM32F4xx_HAL_Driver/Src/stm32f4xx_hal_i2c.o
 .text.I2C_IsAcknowledgeFailed
                0x000000000800690c       0x5e Drivers/STM32F4xx_HAL_Driver/Src/stm32f4xx_hal_i2c.o
 *fill*         0x000000000800696a        0x2 
 .text.HAL_RCC_ClockConfig
                0x000000000800696c      0x1cc Drivers/STM32F4xx_HAL_Driver/Src/stm32f4xx_hal_rcc.o
                0x000000000800696c                HAL_RCC_ClockConfig
 .text.HAL_RCC_GetHCLKFreq
                0x0000000008006b38       0x18 Drivers/STM32F4xx_HAL_Driver/Src/stm32f4xx_hal_rcc.o
                0x0000000008006b38                HAL_RCC_GetHCLKFreq
 .text.HAL_RCC_GetPCLK1Freq
                0x0000000008006b50       0x28 Drivers/STM32F4xx_HAL_Driver/Src/stm32f4xx_hal_rcc.o
                0x0000000008006b50                HAL_RCC_GetPCLK1Freq
 .text.HAL_RCC_GetPCLK2Freq
                0x0000000008006b78       0x28 Drivers/STM32F4xx_HAL_Driver/Src/stm32f4xx_hal_rcc.o
                0x0000000008006b78                HAL_RCC_GetPCLK2Freq
 .text.HAL_RCC_GetSysClockFreq
                0x0000000008006ba0      0x340 Drivers/STM32F4xx_HAL_Driver/Src/stm32f4xx_hal_rcc_ex.o
                0x0000000008006ba0                HAL_RCC_GetSysClockFreq
 .text.HAL_RCC_OscConfig
                0x0000000008006ee0      0x4b4 Drivers/STM32F4xx_HAL_Driver/Src/stm32f4xx_hal_rcc_ex.o
                0x0000000008006ee0                HAL_RCC_OscConfig
 .text.HAL_UART_Init
                0x0000000008007394       0x9a Drivers/STM32F4xx_HAL_Driver/Src/stm32f4xx_hal_uart.o
                0x0000000008007394                HAL_UART_Init
 .text.HAL_UART_Transmit
                0x000000000800742e      0x132 Drivers/STM32F4xx_HAL_Driver/Src/stm32f4xx_hal_uart.o
                0x000000000800742e                HAL_UART_Transmit
 .text.UART_WaitOnFlagUntilTimeout
                0x0000000008007560       0x94 Drivers/STM32F4xx_HAL_Driver/Src/stm32f4xx_hal_uart.o
 .text.UART_SetConfig
                0x00000000080075f4      0x6f8 Drivers/STM32F4xx_HAL_Driver/Src/stm32f4xx_hal_uart.o
 .text.gesture_model_configure_activations
                0x0000000008007cec       0xa4 X-CUBE-AI/App/gesture_model.o
 .text.gesture_model_configure_weights
                0x0000000008007d90      0x168 X-CUBE-AI/App/gesture_model.o
 .text.ai_gesture_model_create
                0x0000000008007ef8       0x2c X-CUBE-AI/App/gesture_model.o
                0x0000000008007ef8                ai_gesture_model_create
 .text.ai_gesture_model_init
                0x0000000008007f24       0x7e X-CUBE-AI/App/gesture_model.o
                0x0000000008007f24                ai_gesture_model_init
 .text.ai_gesture_model_run
                0x0000000008007fa2       0x20 X-CUBE-AI/App/gesture_model.o
                0x0000000008007fa2                ai_gesture_model_run
 *fill*         0x0000000008007fc2        0x2 
 .text.ai_gesture_model_data_weights_get
                0x0000000008007fc4       0x14 X-CUBE-AI/App/gesture_model_data.o
                0x0000000008007fc4                ai_gesture_model_data_weights_get
 .text.unlikely._platform_network_state_setup.isra.1
                0x0000000008007fd8       0x3e ../Middlewares/ST/AI/Lib\NetworkRuntime512_CM4_GCC.a(ai_platform_interface.o)
 *fill*         0x0000000008008016        0x2 
 .text.ai_platform_network_create
                0x0000000008008018       0xb0 ../Middlewares/ST/AI/Lib\NetworkRuntime512_CM4_GCC.a(ai_platform_interface.o)
                0x0000000008008018                ai_platform_network_create
 .text.ai_platform_network_init
                0x00000000080080c8       0xfc ../Middlewares/ST/AI/Lib\NetworkRuntime512_CM4_GCC.a(ai_platform_interface.o)
                0x00000000080080c8                ai_platform_network_init
 .text.ai_platform_network_post_init
                0x00000000080081c4       0x90 ../Middlewares/ST/AI/Lib\NetworkRuntime512_CM4_GCC.a(ai_platform_interface.o)
                0x00000000080081c4                ai_platform_network_post_init
 .text.ai_platform_network_process
                0x0000000008008254      0x414 ../Middlewares/ST/AI/Lib\NetworkRuntime512_CM4_GCC.a(ai_platform_interface.o)
                0x0000000008008254                ai_platform_network_process
 .text.core_init
                0x0000000008008668        0x4 ../Middlewares/ST/AI/Lib\NetworkRuntime512_CM4_GCC.a(core_common.o)
                0x0000000008008668                core_init
 .text.core_set_error
                0x000000000800866c       0x18 ../Middlewares/ST/AI/Lib\NetworkRuntime512_CM4_GCC.a(core_common.o)
                0x000000000800866c                core_set_error
 .text.ai_dict8_dot_array_f32
                0x0000000008008684      0x19c ../Middlewares/ST/AI/Lib\NetworkRuntime512_CM4_GCC.a(layers_conv2d_generic_float.o)
                0x0000000008008684                ai_dict8_dot_array_f32
 .text.ai_dict4_dot_array_f32
                0x0000000008008820      0x17c ../Middlewares/ST/AI/Lib\NetworkRuntime512_CM4_GCC.a(layers_conv2d_generic_float.o)
                0x0000000008008820                ai_dict4_dot_array_f32
 .text.forward_dense
                0x000000000800899c      0x450 ../Middlewares/ST/AI/Lib\NetworkRuntime512_CM4_GCC.a(layers_conv2d_generic_float.o)
                0x000000000800899c                forward_dense
 .text.array_f32_identity
                0x0000000008008dec       0x10 ../Middlewares/ST/AI/Lib\NetworkRuntime512_CM4_GCC.a(layers_rnn_generic_float.o)
 .text.lstm_cell
                0x0000000008008dfc      0x864 ../Middlewares/ST/AI/Lib\NetworkRuntime512_CM4_GCC.a(layers_rnn_generic_float.o)
                0x0000000008008dfc                lstm_cell
 .text.forward_lstm
                0x0000000008009660      0x294 ../Middlewares/ST/AI/Lib\NetworkRuntime512_CM4_GCC.a(layers_rnn_generic_float.o)
                0x0000000008009660                forward_lstm
 .text.nl_func_sigmoid_array_f32
                0x00000000080098f4       0x50 ../Middlewares/ST/AI/Lib\NetworkRuntime512_CM4_GCC.a(layers_nl_generic_float.o)
                0x00000000080098f4                nl_func_sigmoid_array_f32
 .text.nl_func_tanh_array_f32
                0x0000000008009944       0x38 ../Middlewares/ST/AI/Lib\NetworkRuntime512_CM4_GCC.a(layers_nl_generic_float.o)
                0x0000000008009944                nl_func_tanh_array_f32
 .text.nl_func_relu_generic_array_f32
                0x000000000800997c       0xf8 ../Middlewares/ST/AI/Lib\NetworkRuntime512_CM4_GCC.a(layers_nl_generic_float.o)
                0x000000000800997c                nl_func_relu_generic_array_f32
 .text.forward_relu
                0x0000000008009a74      0x120 ../Middlewares/ST/AI/Lib\NetworkRuntime512_CM4_GCC.a(layers_nl_generic_float.o)
                0x0000000008009a74                forward_relu
 .text.forward_sm
                0x0000000008009b94      0x12c ../Middlewares/ST/AI/Lib\NetworkRuntime512_CM4_GCC.a(layers_nl_generic_float.o)
                0x0000000008009b94                forward_sm
 .text.ai_check_custom_types
                0x0000000008009cc0       0x54 ../Middlewares/ST/AI/Lib\NetworkRuntime512_CM4_GCC.a(layers.o)
                0x0000000008009cc0                ai_check_custom_types
 .text.ai_layers_forward_all
                0x0000000008009d14       0x74 ../Middlewares/ST/AI/Lib\NetworkRuntime512_CM4_GCC.a(layers.o)
                0x0000000008009d14                ai_layers_forward_all
 .text.ai_array_to_buffer_fmt
                0x0000000008009d88       0x98 ../Middlewares/ST/AI/Lib\NetworkRuntime512_CM4_GCC.a(ai_datatypes_format.o)
                0x0000000008009d88                ai_array_to_buffer_fmt
 .text.ai_array_get_byte_size
                0x0000000008009e20       0x44 ../Middlewares/ST/AI/Lib\NetworkRuntime512_CM4_GCC.a(ai_datatypes_format.o)
                0x0000000008009e20                ai_array_get_byte_size
 .text.__errno  0x0000000008009e64        0xc c:/st/stm32cubeide_1.4.0/stm32cubeide/plugins/com.st.stm32cube.ide.mcu.externaltools.gnu-tools-for-stm32.7-2018-q2-update.win32_1.4.0.202007081208/tools/bin/../lib/gcc/arm-none-eabi/7.3.1/../../../../arm-none-eabi/lib/thumb/v7e-m/fpv4-sp/hard\libc_nano.a(lib_a-errno.o)
                0x0000000008009e64                __errno
 .text.__libc_init_array
                0x0000000008009e70       0x48 c:/st/stm32cubeide_1.4.0/stm32cubeide/plugins/com.st.stm32cube.ide.mcu.externaltools.gnu-tools-for-stm32.7-2018-q2-update.win32_1.4.0.202007081208/tools/bin/../lib/gcc/arm-none-eabi/7.3.1/../../../../arm-none-eabi/lib/thumb/v7e-m/fpv4-sp/hard\libc_nano.a(lib_a-init.o)
                0x0000000008009e70                __libc_init_array
 .text.malloc   0x0000000008009eb8       0x10 c:/st/stm32cubeide_1.4.0/stm32cubeide/plugins/com.st.stm32cube.ide.mcu.externaltools.gnu-tools-for-stm32.7-2018-q2-update.win32_1.4.0.202007081208/tools/bin/../lib/gcc/arm-none-eabi/7.3.1/../../../../arm-none-eabi/lib/thumb/v7e-m/fpv4-sp/hard\libc_nano.a(lib_a-malloc.o)
                0x0000000008009eb8                malloc
 .text.memcpy   0x0000000008009ec8       0x16 c:/st/stm32cubeide_1.4.0/stm32cubeide/plugins/com.st.stm32cube.ide.mcu.externaltools.gnu-tools-for-stm32.7-2018-q2-update.win32_1.4.0.202007081208/tools/bin/../lib/gcc/arm-none-eabi/7.3.1/../../../../arm-none-eabi/lib/thumb/v7e-m/fpv4-sp/hard\libc_nano.a(lib_a-memcpy-stub.o)
                0x0000000008009ec8                memcpy
 .text.memset   0x0000000008009ede       0x10 c:/st/stm32cubeide_1.4.0/stm32cubeide/plugins/com.st.stm32cube.ide.mcu.externaltools.gnu-tools-for-stm32.7-2018-q2-update.win32_1.4.0.202007081208/tools/bin/../lib/gcc/arm-none-eabi/7.3.1/../../../../arm-none-eabi/lib/thumb/v7e-m/fpv4-sp/hard\libc_nano.a(lib_a-memset.o)
                0x0000000008009ede                memset
 *fill*         0x0000000008009eee        0x2 
 .text._free_r  0x0000000008009ef0       0x9c c:/st/stm32cubeide_1.4.0/stm32cubeide/plugins/com.st.stm32cube.ide.mcu.externaltools.gnu-tools-for-stm32.7-2018-q2-update.win32_1.4.0.202007081208/tools/bin/../lib/gcc/arm-none-eabi/7.3.1/../../../../arm-none-eabi/lib/thumb/v7e-m/fpv4-sp/hard\libc_nano.a(lib_a-nano-freer.o)
                0x0000000008009ef0                _free_r
 .text._malloc_r
                0x0000000008009f8c       0xb4 c:/st/stm32cubeide_1.4.0/stm32cubeide/plugins/com.st.stm32cube.ide.mcu.externaltools.gnu-tools-for-stm32.7-2018-q2-update.win32_1.4.0.202007081208/tools/bin/../lib/gcc/arm-none-eabi/7.3.1/../../../../arm-none-eabi/lib/thumb/v7e-m/fpv4-sp/hard\libc_nano.a(lib_a-nano-mallocr.o)
                0x0000000008009f8c                _malloc_r
 .text.__cvt    0x000000000800a040       0xc2 c:/st/stm32cubeide_1.4.0/stm32cubeide/plugins/com.st.stm32cube.ide.mcu.externaltools.gnu-tools-for-stm32.7-2018-q2-update.win32_1.4.0.202007081208/tools/bin/../lib/gcc/arm-none-eabi/7.3.1/../../../../arm-none-eabi/lib/thumb/v7e-m/fpv4-sp/hard\libc_nano.a(lib_a-nano-vfprintf_float.o)
                0x000000000800a040                __cvt
 .text.__exponent
                0x000000000800a102       0x66 c:/st/stm32cubeide_1.4.0/stm32cubeide/plugins/com.st.stm32cube.ide.mcu.externaltools.gnu-tools-for-stm32.7-2018-q2-update.win32_1.4.0.202007081208/tools/bin/../lib/gcc/arm-none-eabi/7.3.1/../../../../arm-none-eabi/lib/thumb/v7e-m/fpv4-sp/hard\libc_nano.a(lib_a-nano-vfprintf_float.o)
                0x000000000800a102                __exponent
 .text._printf_float
                0x000000000800a168      0x480 c:/st/stm32cubeide_1.4.0/stm32cubeide/plugins/com.st.stm32cube.ide.mcu.externaltools.gnu-tools-for-stm32.7-2018-q2-update.win32_1.4.0.202007081208/tools/bin/../lib/gcc/arm-none-eabi/7.3.1/../../../../arm-none-eabi/lib/thumb/v7e-m/fpv4-sp/hard\libc_nano.a(lib_a-nano-vfprintf_float.o)
                0x000000000800a168                _printf_float
 .text._printf_common
                0x000000000800a5e8       0xea c:/st/stm32cubeide_1.4.0/stm32cubeide/plugins/com.st.stm32cube.ide.mcu.externaltools.gnu-tools-for-stm32.7-2018-q2-update.win32_1.4.0.202007081208/tools/bin/../lib/gcc/arm-none-eabi/7.3.1/../../../../arm-none-eabi/lib/thumb/v7e-m/fpv4-sp/hard\libc_nano.a(lib_a-nano-vfprintf_i.o)
                0x000000000800a5e8                _printf_common
 *fill*         0x000000000800a6d2        0x2 
 .text._printf_i
                0x000000000800a6d4      0x224 c:/st/stm32cubeide_1.4.0/stm32cubeide/plugins/com.st.stm32cube.ide.mcu.externaltools.gnu-tools-for-stm32.7-2018-q2-update.win32_1.4.0.202007081208/tools/bin/../lib/gcc/arm-none-eabi/7.3.1/../../../../arm-none-eabi/lib/thumb/v7e-m/fpv4-sp/hard\libc_nano.a(lib_a-nano-vfprintf_i.o)
                0x000000000800a6d4                _printf_i
 .text._sbrk_r  0x000000000800a8f8       0x20 c:/st/stm32cubeide_1.4.0/stm32cubeide/plugins/com.st.stm32cube.ide.mcu.externaltools.gnu-tools-for-stm32.7-2018-q2-update.win32_1.4.0.202007081208/tools/bin/../lib/gcc/arm-none-eabi/7.3.1/../../../../arm-none-eabi/lib/thumb/v7e-m/fpv4-sp/hard\libc_nano.a(lib_a-sbrkr.o)
                0x000000000800a8f8                _sbrk_r
 .text.snprintf
                0x000000000800a918       0x68 c:/st/stm32cubeide_1.4.0/stm32cubeide/plugins/com.st.stm32cube.ide.mcu.externaltools.gnu-tools-for-stm32.7-2018-q2-update.win32_1.4.0.202007081208/tools/bin/../lib/gcc/arm-none-eabi/7.3.1/../../../../arm-none-eabi/lib/thumb/v7e-m/fpv4-sp/hard\libc_nano.a(lib_a-snprintf.o)
                0x000000000800a918                sniprintf
                0x000000000800a918                snprintf
 .text.quorem   0x000000000800a980      0x118 c:/st/stm32cubeide_1.4.0/stm32cubeide/plugins/com.st.stm32cube.ide.mcu.externaltools.gnu-tools-for-stm32.7-2018-q2-update.win32_1.4.0.202007081208/tools/bin/../lib/gcc/arm-none-eabi/7.3.1/../../../../arm-none-eabi/lib/thumb/v7e-m/fpv4-sp/hard\libc_nano.a(lib_a-dtoa.o)
 .text._dtoa_r  0x000000000800aa98      0xb70 c:/st/stm32cubeide_1.4.0/stm32cubeide/plugins/com.st.stm32cube.ide.mcu.externaltools.gnu-tools-for-stm32.7-2018-q2-update.win32_1.4.0.202007081208/tools/bin/../lib/gcc/arm-none-eabi/7.3.1/../../../../arm-none-eabi/lib/thumb/v7e-m/fpv4-sp/hard\libc_nano.a(lib_a-dtoa.o)
                0x000000000800aa98                _dtoa_r
 .text._localeconv_r
                0x000000000800b608       0x1c c:/st/stm32cubeide_1.4.0/stm32cubeide/plugins/com.st.stm32cube.ide.mcu.externaltools.gnu-tools-for-stm32.7-2018-q2-update.win32_1.4.0.202007081208/tools/bin/../lib/gcc/arm-none-eabi/7.3.1/../../../../arm-none-eabi/lib/thumb/v7e-m/fpv4-sp/hard\libc_nano.a(lib_a-localeconv.o)
                0x000000000800b608                _localeconv_r
 .text.__malloc_lock
                0x000000000800b624        0x2 c:/st/stm32cubeide_1.4.0/stm32cubeide/plugins/com.st.stm32cube.ide.mcu.externaltools.gnu-tools-for-stm32.7-2018-q2-update.win32_1.4.0.202007081208/tools/bin/../lib/gcc/arm-none-eabi/7.3.1/../../../../arm-none-eabi/lib/thumb/v7e-m/fpv4-sp/hard\libc_nano.a(lib_a-mlock.o)
                0x000000000800b624                __malloc_lock
 .text.__malloc_unlock
                0x000000000800b626        0x2 c:/st/stm32cubeide_1.4.0/stm32cubeide/plugins/com.st.stm32cube.ide.mcu.externaltools.gnu-tools-for-stm32.7-2018-q2-update.win32_1.4.0.202007081208/tools/bin/../lib/gcc/arm-none-eabi/7.3.1/../../../../arm-none-eabi/lib/thumb/v7e-m/fpv4-sp/hard\libc_nano.a(lib_a-mlock.o)
                0x000000000800b626                __malloc_unlock
 .text._Balloc  0x000000000800b628       0x68 c:/st/stm32cubeide_1.4.0/stm32cubeide/plugins/com.st.stm32cube.ide.mcu.externaltools.gnu-tools-for-stm32.7-2018-q2-update.win32_1.4.0.202007081208/tools/bin/../lib/gcc/arm-none-eabi/7.3.1/../../../../arm-none-eabi/lib/thumb/v7e-m/fpv4-sp/hard\libc_nano.a(lib_a-mprec.o)
                0x000000000800b628                _Balloc
 .text._Bfree   0x000000000800b690       0x2e c:/st/stm32cubeide_1.4.0/stm32cubeide/plugins/com.st.stm32cube.ide.mcu.externaltools.gnu-tools-for-stm32.7-2018-q2-update.win32_1.4.0.202007081208/tools/bin/../lib/gcc/arm-none-eabi/7.3.1/../../../../arm-none-eabi/lib/thumb/v7e-m/fpv4-sp/hard\libc_nano.a(lib_a-mprec.o)
                0x000000000800b690                _Bfree
 .text.__multadd
                0x000000000800b6be       0x76 c:/st/stm32cubeide_1.4.0/stm32cubeide/plugins/com.st.stm32cube.ide.mcu.externaltools.gnu-tools-for-stm32.7-2018-q2-update.win32_1.4.0.202007081208/tools/bin/../lib/gcc/arm-none-eabi/7.3.1/../../../../arm-none-eabi/lib/thumb/v7e-m/fpv4-sp/hard\libc_nano.a(lib_a-mprec.o)
                0x000000000800b6be                __multadd
 .text.__hi0bits
                0x000000000800b734       0x3e c:/st/stm32cubeide_1.4.0/stm32cubeide/plugins/com.st.stm32cube.ide.mcu.externaltools.gnu-tools-for-stm32.7-2018-q2-update.win32_1.4.0.202007081208/tools/bin/../lib/gcc/arm-none-eabi/7.3.1/../../../../arm-none-eabi/lib/thumb/v7e-m/fpv4-sp/hard\libc_nano.a(lib_a-mprec.o)
                0x000000000800b734                __hi0bits
 .text.__lo0bits
                0x000000000800b772       0x5e c:/st/stm32cubeide_1.4.0/stm32cubeide/plugins/com.st.stm32cube.ide.mcu.externaltools.gnu-tools-for-stm32.7-2018-q2-update.win32_1.4.0.202007081208/tools/bin/../lib/gcc/arm-none-eabi/7.3.1/../../../../arm-none-eabi/lib/thumb/v7e-m/fpv4-sp/hard\libc_nano.a(lib_a-mprec.o)
                0x000000000800b772                __lo0bits
 .text.__i2b    0x000000000800b7d0       0x12 c:/st/stm32cubeide_1.4.0/stm32cubeide/plugins/com.st.stm32cube.ide.mcu.externaltools.gnu-tools-for-stm32.7-2018-q2-update.win32_1.4.0.202007081208/tools/bin/../lib/gcc/arm-none-eabi/7.3.1/../../../../arm-none-eabi/lib/thumb/v7e-m/fpv4-sp/hard\libc_nano.a(lib_a-mprec.o)
                0x000000000800b7d0                __i2b
 .text.__multiply
                0x000000000800b7e2      0x12c c:/st/stm32cubeide_1.4.0/stm32cubeide/plugins/com.st.stm32cube.ide.mcu.externaltools.gnu-tools-for-stm32.7-2018-q2-update.win32_1.4.0.202007081208/tools/bin/../lib/gcc/arm-none-eabi/7.3.1/../../../../arm-none-eabi/lib/thumb/v7e-m/fpv4-sp/hard\libc_nano.a(lib_a-mprec.o)
                0x000000000800b7e2                __multiply
 *fill*         0x000000000800b90e        0x2 
 .text.__pow5mult
                0x000000000800b910       0x9c c:/st/stm32cubeide_1.4.0/stm32cubeide/plugins/com.st.stm32cube.ide.mcu.externaltools.gnu-tools-for-stm32.7-2018-q2-update.win32_1.4.0.202007081208/tools/bin/../lib/gcc/arm-none-eabi/7.3.1/../../../../arm-none-eabi/lib/thumb/v7e-m/fpv4-sp/hard\libc_nano.a(lib_a-mprec.o)
                0x000000000800b910                __pow5mult
 .text.__lshift
                0x000000000800b9ac       0xa8 c:/st/stm32cubeide_1.4.0/stm32cubeide/plugins/com.st.stm32cube.ide.mcu.externaltools.gnu-tools-for-stm32.7-2018-q2-update.win32_1.4.0.202007081208/tools/bin/../lib/gcc/arm-none-eabi/7.3.1/../../../../arm-none-eabi/lib/thumb/v7e-m/fpv4-sp/hard\libc_nano.a(lib_a-mprec.o)
                0x000000000800b9ac                __lshift
 .text.__mcmp   0x000000000800ba54       0x34 c:/st/stm32cubeide_1.4.0/stm32cubeide/plugins/com.st.stm32cube.ide.mcu.externaltools.gnu-tools-for-stm32.7-2018-q2-update.win32_1.4.0.202007081208/tools/bin/../lib/gcc/arm-none-eabi/7.3.1/../../../../arm-none-eabi/lib/thumb/v7e-m/fpv4-sp/hard\libc_nano.a(lib_a-mprec.o)
                0x000000000800ba54                __mcmp
 .text.__mdiff  0x000000000800ba88       0xba c:/st/stm32cubeide_1.4.0/stm32cubeide/plugins/com.st.stm32cube.ide.mcu.externaltools.gnu-tools-for-stm32.7-2018-q2-update.win32_1.4.0.202007081208/tools/bin/../lib/gcc/arm-none-eabi/7.3.1/../../../../arm-none-eabi/lib/thumb/v7e-m/fpv4-sp/hard\libc_nano.a(lib_a-mprec.o)
                0x000000000800ba88                __mdiff
 .text.__d2b    0x000000000800bb42       0x9e c:/st/stm32cubeide_1.4.0/stm32cubeide/plugins/com.st.stm32cube.ide.mcu.externaltools.gnu-tools-for-stm32.7-2018-q2-update.win32_1.4.0.202007081208/tools/bin/../lib/gcc/arm-none-eabi/7.3.1/../../../../arm-none-eabi/lib/thumb/v7e-m/fpv4-sp/hard\libc_nano.a(lib_a-mprec.o)
                0x000000000800bb42                __d2b
 .text._calloc_r
                0x000000000800bbe0       0x1c c:/st/stm32cubeide_1.4.0/stm32cubeide/plugins/com.st.stm32cube.ide.mcu.externaltools.gnu-tools-for-stm32.7-2018-q2-update.win32_1.4.0.202007081208/tools/bin/../lib/gcc/arm-none-eabi/7.3.1/../../../../arm-none-eabi/lib/thumb/v7e-m/fpv4-sp/hard\libc_nano.a(lib_a-nano-callocr.o)
                0x000000000800bbe0                _calloc_r
 .text._realloc_r
                0x000000000800bbfc       0x4c c:/st/stm32cubeide_1.4.0/stm32cubeide/plugins/com.st.stm32cube.ide.mcu.externaltools.gnu-tools-for-stm32.7-2018-q2-update.win32_1.4.0.202007081208/tools/bin/../lib/gcc/arm-none-eabi/7.3.1/../../../../arm-none-eabi/lib/thumb/v7e-m/fpv4-sp/hard\libc_nano.a(lib_a-nano-reallocr.o)
                0x000000000800bbfc                _realloc_r
 .text.__ssputs_r
                0x000000000800bc48       0xb4 c:/st/stm32cubeide_1.4.0/stm32cubeide/plugins/com.st.stm32cube.ide.mcu.externaltools.gnu-tools-for-stm32.7-2018-q2-update.win32_1.4.0.202007081208/tools/bin/../lib/gcc/arm-none-eabi/7.3.1/../../../../arm-none-eabi/lib/thumb/v7e-m/fpv4-sp/hard\libc_nano.a(lib_a-nano-svfprintf.o)
                0x000000000800bc48                __ssputs_r
 .text._svfprintf_r
                0x000000000800bcfc      0x1f0 c:/st/stm32cubeide_1.4.0/stm32cubeide/plugins/com.st.stm32cube.ide.mcu.externaltools.gnu-tools-for-stm32.7-2018-q2-update.win32_1.4.0.202007081208/tools/bin/../lib/gcc/arm-none-eabi/7.3.1/../../../../arm-none-eabi/lib/thumb/v7e-m/fpv4-sp/hard\libc_nano.a(lib_a-nano-svfprintf.o)
                0x000000000800bcfc                _svfiprintf_r
                0x000000000800bcfc                _svfprintf_r
 .text.__ascii_mbtowc
                0x000000000800beec       0x24 c:/st/stm32cubeide_1.4.0/stm32cubeide/plugins/com.st.stm32cube.ide.mcu.externaltools.gnu-tools-for-stm32.7-2018-q2-update.win32_1.4.0.202007081208/tools/bin/../lib/gcc/arm-none-eabi/7.3.1/../../../../arm-none-eabi/lib/thumb/v7e-m/fpv4-sp/hard\libc_nano.a(lib_a-mbtowc_r.o)
                0x000000000800beec                __ascii_mbtowc
 .text.memmove  0x000000000800bf10       0x32 c:/st/stm32cubeide_1.4.0/stm32cubeide/plugins/com.st.stm32cube.ide.mcu.externaltools.gnu-tools-for-stm32.7-2018-q2-update.win32_1.4.0.202007081208/tools/bin/../lib/gcc/arm-none-eabi/7.3.1/../../../../arm-none-eabi/lib/thumb/v7e-m/fpv4-sp/hard\libc_nano.a(lib_a-memmove.o)
                0x000000000800bf10                memmove
 .text._malloc_usable_size_r
                0x000000000800bf42       0x10 c:/st/stm32cubeide_1.4.0/stm32cubeide/plugins/com.st.stm32cube.ide.mcu.externaltools.gnu-tools-for-stm32.7-2018-q2-update.win32_1.4.0.202007081208/tools/bin/../lib/gcc/arm-none-eabi/7.3.1/../../../../arm-none-eabi/lib/thumb/v7e-m/fpv4-sp/hard\libc_nano.a(lib_a-nano-msizer.o)
                0x000000000800bf42                _malloc_usable_size_r
 .text.__ascii_wctomb
                0x000000000800bf52       0x1a c:/st/stm32cubeide_1.4.0/stm32cubeide/plugins/com.st.stm32cube.ide.mcu.externaltools.gnu-tools-for-stm32.7-2018-q2-update.win32_1.4.0.202007081208/tools/bin/../lib/gcc/arm-none-eabi/7.3.1/../../../../arm-none-eabi/lib/thumb/v7e-m/fpv4-sp/hard\libc_nano.a(lib_a-wctomb_r.o)
                0x000000000800bf52                __ascii_wctomb
 .text.fabsf    0x000000000800bf6c        0xe c:/st/stm32cubeide_1.4.0/stm32cubeide/plugins/com.st.stm32cube.ide.mcu.externaltools.gnu-tools-for-stm32.7-2018-q2-update.win32_1.4.0.202007081208/tools/bin/../lib/gcc/arm-none-eabi/7.3.1/../../../../arm-none-eabi/lib/thumb/v7e-m/fpv4-sp/hard\libm.a(lib_a-sf_fabs.o)
                0x000000000800bf6c                fabsf
 *fill*         0x000000000800bf7a        0x2 
 .text.tanhf    0x000000000800bf7c       0xa4 c:/st/stm32cubeide_1.4.0/stm32cubeide/plugins/com.st.stm32cube.ide.mcu.externaltools.gnu-tools-for-stm32.7-2018-q2-update.win32_1.4.0.202007081208/tools/bin/../lib/gcc/arm-none-eabi/7.3.1/../../../../arm-none-eabi/lib/thumb/v7e-m/fpv4-sp/hard\libm.a(lib_a-sf_tanh.o)
                0x000000000800bf7c                tanhf
 .text.sqrt     0x000000000800c020       0xb4 c:/st/stm32cubeide_1.4.0/stm32cubeide/plugins/com.st.stm32cube.ide.mcu.externaltools.gnu-tools-for-stm32.7-2018-q2-update.win32_1.4.0.202007081208/tools/bin/../lib/gcc/arm-none-eabi/7.3.1/../../../../arm-none-eabi/lib/thumb/v7e-m/fpv4-sp/hard\libm.a(lib_a-w_sqrt.o)
                0x000000000800c020                sqrt
 .text.expf     0x000000000800c0d4       0xf4 c:/st/stm32cubeide_1.4.0/stm32cubeide/plugins/com.st.stm32cube.ide.mcu.externaltools.gnu-tools-for-stm32.7-2018-q2-update.win32_1.4.0.202007081208/tools/bin/../lib/gcc/arm-none-eabi/7.3.1/../../../../arm-none-eabi/lib/thumb/v7e-m/fpv4-sp/hard\libm.a(lib_a-wf_exp.o)
                0x000000000800c0d4                expf
 .text.__ieee754_sqrt
                0x000000000800c1c8      0x160 c:/st/stm32cubeide_1.4.0/stm32cubeide/plugins/com.st.stm32cube.ide.mcu.externaltools.gnu-tools-for-stm32.7-2018-q2-update.win32_1.4.0.202007081208/tools/bin/../lib/gcc/arm-none-eabi/7.3.1/../../../../arm-none-eabi/lib/thumb/v7e-m/fpv4-sp/hard\libm.a(lib_a-e_sqrt.o)
                0x000000000800c1c8                __ieee754_sqrt
 .text.__ieee754_expf
                0x000000000800c328      0x1a8 c:/st/stm32cubeide_1.4.0/stm32cubeide/plugins/com.st.stm32cube.ide.mcu.externaltools.gnu-tools-for-stm32.7-2018-q2-update.win32_1.4.0.202007081208/tools/bin/../lib/gcc/arm-none-eabi/7.3.1/../../../../arm-none-eabi/lib/thumb/v7e-m/fpv4-sp/hard\libm.a(lib_a-ef_exp.o)
                0x000000000800c328                __ieee754_expf
 .text.matherr  0x000000000800c4d0        0x4 c:/st/stm32cubeide_1.4.0/stm32cubeide/plugins/com.st.stm32cube.ide.mcu.externaltools.gnu-tools-for-stm32.7-2018-q2-update.win32_1.4.0.202007081208/tools/bin/../lib/gcc/arm-none-eabi/7.3.1/../../../../arm-none-eabi/lib/thumb/v7e-m/fpv4-sp/hard\libm.a(lib_a-s_matherr.o)
                0x000000000800c4d0                matherr
 .text.expm1f   0x000000000800c4d4      0x258 c:/st/stm32cubeide_1.4.0/stm32cubeide/plugins/com.st.stm32cube.ide.mcu.externaltools.gnu-tools-for-stm32.7-2018-q2-update.win32_1.4.0.202007081208/tools/bin/../lib/gcc/arm-none-eabi/7.3.1/../../../../arm-none-eabi/lib/thumb/v7e-m/fpv4-sp/hard\libm.a(lib_a-sf_expm1.o)
                0x000000000800c4d4                expm1f
 .text.finitef  0x000000000800c72c       0x14 c:/st/stm32cubeide_1.4.0/stm32cubeide/plugins/com.st.stm32cube.ide.mcu.externaltools.gnu-tools-for-stm32.7-2018-q2-update.win32_1.4.0.202007081208/tools/bin/../lib/gcc/arm-none-eabi/7.3.1/../../../../arm-none-eabi/lib/thumb/v7e-m/fpv4-sp/hard\libm.a(lib_a-sf_finite.o)
                0x000000000800c72c                finitef
 *(.glue_7)
 .glue_7        0x000000000800c740        0x0 linker stubs
 *(.glue_7t)
 .glue_7t       0x000000000800c740        0x0 linker stubs
 *(.eh_frame)
 .eh_frame      0x000000000800c740        0x0 c:/st/stm32cubeide_1.4.0/stm32cubeide/plugins/com.st.stm32cube.ide.mcu.externaltools.gnu-tools-for-stm32.7-2018-q2-update.win32_1.4.0.202007081208/tools/bin/../lib/gcc/arm-none-eabi/7.3.1/thumb/v7e-m/fpv4-sp/hard/crtbegin.o
 *(.init)
 .init          0x000000000800c740        0x4 c:/st/stm32cubeide_1.4.0/stm32cubeide/plugins/com.st.stm32cube.ide.mcu.externaltools.gnu-tools-for-stm32.7-2018-q2-update.win32_1.4.0.202007081208/tools/bin/../lib/gcc/arm-none-eabi/7.3.1/thumb/v7e-m/fpv4-sp/hard/crti.o
                0x000000000800c740                _init
 .init          0x000000000800c744        0x8 c:/st/stm32cubeide_1.4.0/stm32cubeide/plugins/com.st.stm32cube.ide.mcu.externaltools.gnu-tools-for-stm32.7-2018-q2-update.win32_1.4.0.202007081208/tools/bin/../lib/gcc/arm-none-eabi/7.3.1/thumb/v7e-m/fpv4-sp/hard/crtn.o
 *(.fini)
 .fini          0x000000000800c74c        0x4 c:/st/stm32cubeide_1.4.0/stm32cubeide/plugins/com.st.stm32cube.ide.mcu.externaltools.gnu-tools-for-stm32.7-2018-q2-update.win32_1.4.0.202007081208/tools/bin/../lib/gcc/arm-none-eabi/7.3.1/thumb/v7e-m/fpv4-sp/hard/crti.o
                0x000000000800c74c                _fini
 .fini          0x000000000800c750        0x8 c:/st/stm32cubeide_1.4.0/stm32cubeide/plugins/com.st.stm32cube.ide.mcu.externaltools.gnu-tools-for-stm32.7-2018-q2-update.win32_1.4.0.202007081208/tools/bin/../lib/gcc/arm-none-eabi/7.3.1/thumb/v7e-m/fpv4-sp/hard/crtn.o
                0x000000000800c758                . = ALIGN (0x4)
                0x000000000800c758                _etext = .

.vfp11_veneer   0x000000000800c758        0x0
 .vfp11_veneer  0x000000000800c758        0x0 linker stubs

.v4_bx          0x000000000800c758        0x0
 .v4_bx         0x000000000800c758        0x0 linker stubs

.iplt           0x000000000800c758        0x0
 .iplt          0x000000000800c758        0x0 c:/st/stm32cubeide_1.4.0/stm32cubeide/plugins/com.st.stm32cube.ide.mcu.externaltools.gnu-tools-for-stm32.7-2018-q2-update.win32_1.4.0.202007081208/tools/bin/../lib/gcc/arm-none-eabi/7.3.1/thumb/v7e-m/fpv4-sp/hard/crtbegin.o

.rodata         0x000000000800c758    0x347e4
                0x000000000800c758                . = ALIGN (0x4)
 *(.rodata)
 .rodata        0x000000000800c758      0x123 Core/Src/main.o
 *fill*         0x000000000800c87b        0x1 
 .rodata        0x000000000800c87c        0x4 ../Middlewares/ST/AI/Lib\NetworkRuntime512_CM4_GCC.a(layers.o)
 *(.rodata*)
 .rodata.AHBPrescTable
                0x000000000800c880       0x10 Core/Src/system_stm32f4xx.o
                0x000000000800c880                AHBPrescTable
 .rodata.APBPrescTable
                0x000000000800c890        0x8 Core/Src/system_stm32f4xx.o
                0x000000000800c890                APBPrescTable
 .rodata.lstm_chain
                0x000000000800c898        0x8 X-CUBE-AI/App/gesture_model.o
 .rodata.dense_chain
                0x000000000800c8a0        0x8 X-CUBE-AI/App/gesture_model.o
 .rodata.dense_nl_chain
                0x000000000800c8a8        0x8 X-CUBE-AI/App/gesture_model.o
 .rodata.dense_1_chain
                0x000000000800c8b0        0x8 X-CUBE-AI/App/gesture_model.o
 .rodata.dense_1_nl_chain
                0x000000000800c8b8        0x8 X-CUBE-AI/App/gesture_model.o
 .rodata.s_gesture_model_weights.5656
                0x000000000800c8c0    0x343fc X-CUBE-AI/App/gesture_model_data.o
 .rodata._printf_float.str1.1
                0x0000000008040cbc       0x12 c:/st/stm32cubeide_1.4.0/stm32cubeide/plugins/com.st.stm32cube.ide.mcu.externaltools.gnu-tools-for-stm32.7-2018-q2-update.win32_1.4.0.202007081208/tools/bin/../lib/gcc/arm-none-eabi/7.3.1/../../../../arm-none-eabi/lib/thumb/v7e-m/fpv4-sp/hard\libc_nano.a(lib_a-nano-vfprintf_float.o)
 .rodata._printf_i.str1.1
                0x0000000008040cce       0x22 c:/st/stm32cubeide_1.4.0/stm32cubeide/plugins/com.st.stm32cube.ide.mcu.externaltools.gnu-tools-for-stm32.7-2018-q2-update.win32_1.4.0.202007081208/tools/bin/../lib/gcc/arm-none-eabi/7.3.1/../../../../arm-none-eabi/lib/thumb/v7e-m/fpv4-sp/hard\libc_nano.a(lib_a-nano-vfprintf_i.o)
 .rodata._dtoa_r.str1.1
                0x0000000008040cf0        0xd c:/st/stm32cubeide_1.4.0/stm32cubeide/plugins/com.st.stm32cube.ide.mcu.externaltools.gnu-tools-for-stm32.7-2018-q2-update.win32_1.4.0.202007081208/tools/bin/../lib/gcc/arm-none-eabi/7.3.1/../../../../arm-none-eabi/lib/thumb/v7e-m/fpv4-sp/hard\libc_nano.a(lib_a-dtoa.o)
                                          0xf (size before relaxing)
 *fill*         0x0000000008040cfd        0x3 
 .rodata.__mprec_bigtens
                0x0000000008040d00       0x28 c:/st/stm32cubeide_1.4.0/stm32cubeide/plugins/com.st.stm32cube.ide.mcu.externaltools.gnu-tools-for-stm32.7-2018-q2-update.win32_1.4.0.202007081208/tools/bin/../lib/gcc/arm-none-eabi/7.3.1/../../../../arm-none-eabi/lib/thumb/v7e-m/fpv4-sp/hard\libc_nano.a(lib_a-mprec.o)
                0x0000000008040d00                __mprec_bigtens
 .rodata.__mprec_tens
                0x0000000008040d28       0xc8 c:/st/stm32cubeide_1.4.0/stm32cubeide/plugins/com.st.stm32cube.ide.mcu.externaltools.gnu-tools-for-stm32.7-2018-q2-update.win32_1.4.0.202007081208/tools/bin/../lib/gcc/arm-none-eabi/7.3.1/../../../../arm-none-eabi/lib/thumb/v7e-m/fpv4-sp/hard\libc_nano.a(lib_a-mprec.o)
                0x0000000008040d28                __mprec_tens
 .rodata.p05.7359
                0x0000000008040df0        0xc c:/st/stm32cubeide_1.4.0/stm32cubeide/plugins/com.st.stm32cube.ide.mcu.externaltools.gnu-tools-for-stm32.7-2018-q2-update.win32_1.4.0.202007081208/tools/bin/../lib/gcc/arm-none-eabi/7.3.1/../../../../arm-none-eabi/lib/thumb/v7e-m/fpv4-sp/hard\libc_nano.a(lib_a-mprec.o)
 .rodata._svfprintf_r.str1.1
                0x0000000008040dfc       0x11 c:/st/stm32cubeide_1.4.0/stm32cubeide/plugins/com.st.stm32cube.ide.mcu.externaltools.gnu-tools-for-stm32.7-2018-q2-update.win32_1.4.0.202007081208/tools/bin/../lib/gcc/arm-none-eabi/7.3.1/../../../../arm-none-eabi/lib/thumb/v7e-m/fpv4-sp/hard\libc_nano.a(lib_a-nano-svfprintf.o)
 .rodata._setlocale_r.str1.1
                0x0000000008040e0d        0x8 c:/st/stm32cubeide_1.4.0/stm32cubeide/plugins/com.st.stm32cube.ide.mcu.externaltools.gnu-tools-for-stm32.7-2018-q2-update.win32_1.4.0.202007081208/tools/bin/../lib/gcc/arm-none-eabi/7.3.1/../../../../arm-none-eabi/lib/thumb/v7e-m/fpv4-sp/hard\libc_nano.a(lib_a-locale.o)
                                          0x9 (size before relaxing)
 .rodata.str1.1
                0x0000000008040e15        0x2 c:/st/stm32cubeide_1.4.0/stm32cubeide/plugins/com.st.stm32cube.ide.mcu.externaltools.gnu-tools-for-stm32.7-2018-q2-update.win32_1.4.0.202007081208/tools/bin/../lib/gcc/arm-none-eabi/7.3.1/../../../../arm-none-eabi/lib/thumb/v7e-m/fpv4-sp/hard\libc_nano.a(lib_a-locale.o)
 .rodata._ctype_
                0x0000000008040e17      0x101 c:/st/stm32cubeide_1.4.0/stm32cubeide/plugins/com.st.stm32cube.ide.mcu.externaltools.gnu-tools-for-stm32.7-2018-q2-update.win32_1.4.0.202007081208/tools/bin/../lib/gcc/arm-none-eabi/7.3.1/../../../../arm-none-eabi/lib/thumb/v7e-m/fpv4-sp/hard\libc_nano.a(lib_a-ctype_.o)
                0x0000000008040e17                _ctype_
 .rodata.sqrt.str1.1
                0x0000000008040f18        0x5 c:/st/stm32cubeide_1.4.0/stm32cubeide/plugins/com.st.stm32cube.ide.mcu.externaltools.gnu-tools-for-stm32.7-2018-q2-update.win32_1.4.0.202007081208/tools/bin/../lib/gcc/arm-none-eabi/7.3.1/../../../../arm-none-eabi/lib/thumb/v7e-m/fpv4-sp/hard\libm.a(lib_a-w_sqrt.o)
 .rodata.expf.str1.1
                0x0000000008040f1d        0x5 c:/st/stm32cubeide_1.4.0/stm32cubeide/plugins/com.st.stm32cube.ide.mcu.externaltools.gnu-tools-for-stm32.7-2018-q2-update.win32_1.4.0.202007081208/tools/bin/../lib/gcc/arm-none-eabi/7.3.1/../../../../arm-none-eabi/lib/thumb/v7e-m/fpv4-sp/hard\libm.a(lib_a-wf_exp.o)
 *fill*         0x0000000008040f22        0x2 
 .rodata.halF   0x0000000008040f24        0x8 c:/st/stm32cubeide_1.4.0/stm32cubeide/plugins/com.st.stm32cube.ide.mcu.externaltools.gnu-tools-for-stm32.7-2018-q2-update.win32_1.4.0.202007081208/tools/bin/../lib/gcc/arm-none-eabi/7.3.1/../../../../arm-none-eabi/lib/thumb/v7e-m/fpv4-sp/hard\libm.a(lib_a-ef_exp.o)
 .rodata.ln2HI  0x0000000008040f2c        0x8 c:/st/stm32cubeide_1.4.0/stm32cubeide/plugins/com.st.stm32cube.ide.mcu.externaltools.gnu-tools-for-stm32.7-2018-q2-update.win32_1.4.0.202007081208/tools/bin/../lib/gcc/arm-none-eabi/7.3.1/../../../../arm-none-eabi/lib/thumb/v7e-m/fpv4-sp/hard\libm.a(lib_a-ef_exp.o)
 .rodata.ln2LO  0x0000000008040f34        0x8 c:/st/stm32cubeide_1.4.0/stm32cubeide/plugins/com.st.stm32cube.ide.mcu.externaltools.gnu-tools-for-stm32.7-2018-q2-update.win32_1.4.0.202007081208/tools/bin/../lib/gcc/arm-none-eabi/7.3.1/../../../../arm-none-eabi/lib/thumb/v7e-m/fpv4-sp/hard\libm.a(lib_a-ef_exp.o)
                0x0000000008040f3c                . = ALIGN (0x4)

.ARM.extab      0x0000000008040f3c        0x0
                0x0000000008040f3c                . = ALIGN (0x4)
 *(.ARM.extab* .gnu.linkonce.armextab.*)
                0x0000000008040f3c                . = ALIGN (0x4)

.ARM            0x0000000008040f3c        0x8
                0x0000000008040f3c                . = ALIGN (0x4)
                0x0000000008040f3c                __exidx_start = .
 *(.ARM.exidx*)
 .ARM.exidx     0x0000000008040f3c        0x8 c:/st/stm32cubeide_1.4.0/stm32cubeide/plugins/com.st.stm32cube.ide.mcu.externaltools.gnu-tools-for-stm32.7-2018-q2-update.win32_1.4.0.202007081208/tools/bin/../lib/gcc/arm-none-eabi/7.3.1/thumb/v7e-m/fpv4-sp/hard\libgcc.a(_udivmoddi4.o)
                0x0000000008040f44                __exidx_end = .
                0x0000000008040f44                . = ALIGN (0x4)

.rel.dyn        0x0000000008040f44        0x0
 .rel.iplt      0x0000000008040f44        0x0 c:/st/stm32cubeide_1.4.0/stm32cubeide/plugins/com.st.stm32cube.ide.mcu.externaltools.gnu-tools-for-stm32.7-2018-q2-update.win32_1.4.0.202007081208/tools/bin/../lib/gcc/arm-none-eabi/7.3.1/thumb/v7e-m/fpv4-sp/hard/crtbegin.o

.preinit_array  0x0000000008040f44        0x0
                0x0000000008040f44                . = ALIGN (0x4)
                0x0000000008040f44                PROVIDE (__preinit_array_start = .)
 *(.preinit_array*)
                0x0000000008040f44                PROVIDE (__preinit_array_end = .)
                0x0000000008040f44                . = ALIGN (0x4)

.init_array     0x0000000008040f44        0x4
                0x0000000008040f44                . = ALIGN (0x4)
                0x0000000008040f44                PROVIDE (__init_array_start = .)
 *(SORT_BY_NAME(.init_array.*))
 *(.init_array*)
 .init_array    0x0000000008040f44        0x4 c:/st/stm32cubeide_1.4.0/stm32cubeide/plugins/com.st.stm32cube.ide.mcu.externaltools.gnu-tools-for-stm32.7-2018-q2-update.win32_1.4.0.202007081208/tools/bin/../lib/gcc/arm-none-eabi/7.3.1/thumb/v7e-m/fpv4-sp/hard/crtbegin.o
                0x0000000008040f48                PROVIDE (__init_array_end = .)
                0x0000000008040f48                . = ALIGN (0x4)

.fini_array     0x0000000008040f48        0x4
                0x0000000008040f48                . = ALIGN (0x4)
                [!provide]                        PROVIDE (__fini_array_start = .)
 *(SORT_BY_NAME(.fini_array.*))
 *(.fini_array*)
 .fini_array    0x0000000008040f48        0x4 c:/st/stm32cubeide_1.4.0/stm32cubeide/plugins/com.st.stm32cube.ide.mcu.externaltools.gnu-tools-for-stm32.7-2018-q2-update.win32_1.4.0.202007081208/tools/bin/../lib/gcc/arm-none-eabi/7.3.1/thumb/v7e-m/fpv4-sp/hard/crtbegin.o
                [!provide]                        PROVIDE (__fini_array_end = .)
                0x0000000008040f4c                . = ALIGN (0x4)
                0x0000000008040f4c                _sidata = LOADADDR (.data)

.data           0x0000000020000000      0x99c load address 0x0000000008040f4c
                0x0000000020000000                . = ALIGN (0x4)
                0x0000000020000000                _sdata = .
 *(.data)
 *(.data*)
 .data.SystemCoreClock
                0x0000000020000000        0x4 Core/Src/system_stm32f4xx.o
                0x0000000020000000                SystemCoreClock
 .data.LSM303AGR_ACC_COMMON_Driver
                0x0000000020000004       0x10 Drivers/BSP/Components/lsm303agr/lsm303agr.o
                0x0000000020000004                LSM303AGR_ACC_COMMON_Driver
 .data.LSM303AGR_ACC_Driver
                0x0000000020000014       0x24 Drivers/BSP/Components/lsm303agr/lsm303agr.o
                0x0000000020000014                LSM303AGR_ACC_Driver
 .data.LSM303AGR_MAG_COMMON_Driver
                0x0000000020000038       0x10 Drivers/BSP/Components/lsm303agr/lsm303agr.o
                0x0000000020000038                LSM303AGR_MAG_COMMON_Driver
 .data.LSM303AGR_MAG_Driver
                0x0000000020000048       0x24 Drivers/BSP/Components/lsm303agr/lsm303agr.o
                0x0000000020000048                LSM303AGR_MAG_Driver
 .data.LSM6DSL_COMMON_Driver
                0x000000002000006c       0x10 Drivers/BSP/Components/lsm6dsl/lsm6dsl.o
                0x000000002000006c                LSM6DSL_COMMON_Driver
 .data.LSM6DSL_ACC_Driver
                0x000000002000007c       0x24 Drivers/BSP/Components/lsm6dsl/lsm6dsl.o
                0x000000002000007c                LSM6DSL_ACC_Driver
 .data.LSM6DSL_GYRO_Driver
                0x00000000200000a0       0x24 Drivers/BSP/Components/lsm6dsl/lsm6dsl.o
                0x00000000200000a0                LSM6DSL_GYRO_Driver
 .data.FunctionIndex
                0x00000000200000c4       0x14 Drivers/BSP/IKS01A2/iks01a2_motion_sensors.o
 .data.uwTickPrio
                0x00000000200000d8        0x4 Drivers/STM32F4xx_HAL_Driver/Src/stm32f4xx_hal.o
                0x00000000200000d8                uwTickPrio
 .data.uwTickFreq
                0x00000000200000dc        0x1 Drivers/STM32F4xx_HAL_Driver/Src/stm32f4xx_hal.o
                0x00000000200000dc                uwTickFreq
 *fill*         0x00000000200000dd        0x3 
 .data.g_gesture_model
                0x00000000200000e0       0x60 X-CUBE-AI/App/gesture_model.o
 .data.lstm_scratch0_array
                0x0000000020000140       0x10 X-CUBE-AI/App/gesture_model.o
 .data.dense_1_bias_array
                0x0000000020000150       0x10 X-CUBE-AI/App/gesture_model.o
 .data.dense_1_weights_array
                0x0000000020000160       0x10 X-CUBE-AI/App/gesture_model.o
 .data.dense_bias_array
                0x0000000020000170       0x10 X-CUBE-AI/App/gesture_model.o
 .data.dense_weights_array
                0x0000000020000180       0x10 X-CUBE-AI/App/gesture_model.o
 .data.lstm_bias_array
                0x0000000020000190       0x10 X-CUBE-AI/App/gesture_model.o
 .data.lstm_peephole_array
                0x00000000200001a0       0x10 X-CUBE-AI/App/gesture_model.o
 .data.lstm_recurrent_array
                0x00000000200001b0       0x10 X-CUBE-AI/App/gesture_model.o
 .data.lstm_kernel_array
                0x00000000200001c0       0x10 X-CUBE-AI/App/gesture_model.o
 .data.input_0_output_array
                0x00000000200001d0       0x10 X-CUBE-AI/App/gesture_model.o
 .data.lstm_output_array
                0x00000000200001e0       0x10 X-CUBE-AI/App/gesture_model.o
 .data.dense_output_array